Archive member included to satisfy reference by file (symbol)

/usr/lib/gcc/arm-none-eabi/10.3.1/thumb/v7-m/nofp/libgcc.a(_arm_mulsf3.o)
                              CMakeFiles/imu_config.dir/Core/Src/bsp_dwt.c.obj (__aeabi_fmul)
/usr/lib/gcc/arm-none-eabi/10.3.1/thumb/v7-m/nofp/libgcc.a(_arm_addsubdf3.o)
                              CMakeFiles/imu_config.dir/Core/Src/bsp_dwt.c.obj (__aeabi_ui2d)
/usr/lib/gcc/arm-none-eabi/10.3.1/thumb/v7-m/nofp/libgcc.a(_arm_muldivdf3.o)
                              CMakeFiles/imu_config.dir/Core/Src/bsp_dwt.c.obj (__aeabi_ddiv)
/usr/lib/gcc/arm-none-eabi/10.3.1/thumb/v7-m/nofp/libgcc.a(_arm_addsubsf3.o)
                              CMakeFiles/imu_config.dir/Core/Src/bsp_dwt.c.obj (__aeabi_fadd)
/usr/lib/gcc/arm-none-eabi/10.3.1/thumb/v7-m/nofp/libgcc.a(_arm_muldivsf3.o)
                              CMakeFiles/imu_config.dir/Core/Src/bsp_dwt.c.obj (__aeabi_fdiv)
/usr/lib/gcc/arm-none-eabi/10.3.1/thumb/v7-m/nofp/libgcc.a(_arm_cmpsf2.o)
                              CMakeFiles/imu_config.dir/Core/Src/bsp_dwt.c.obj (__aeabi_fcmplt)
/usr/lib/gcc/arm-none-eabi/10.3.1/thumb/v7-m/nofp/libgcc.a(_aeabi_uldivmod.o)
                              CMakeFiles/imu_config.dir/Core/Src/bsp_dwt.c.obj (__aeabi_uldivmod)
/usr/lib/gcc/arm-none-eabi/10.3.1/thumb/v7-m/nofp/libgcc.a(_udivmoddi4.o)
                              /usr/lib/gcc/arm-none-eabi/10.3.1/thumb/v7-m/nofp/libgcc.a(_aeabi_uldivmod.o) (__udivmoddi4)
/usr/lib/gcc/arm-none-eabi/10.3.1/thumb/v7-m/nofp/libgcc.a(_dvmd_tls.o)
                              /usr/lib/gcc/arm-none-eabi/10.3.1/thumb/v7-m/nofp/libgcc.a(_aeabi_uldivmod.o) (__aeabi_ldiv0)
/usr/lib/gcc/arm-none-eabi/10.3.1/../../../arm-none-eabi/lib/thumb/v7-m/nofp/libg_nano.a(lib_a-atexit.o)
                              /usr/lib/gcc/arm-none-eabi/10.3.1/../../../arm-none-eabi/lib/thumb/v7-m/nofp/crt0.o (atexit)
/usr/lib/gcc/arm-none-eabi/10.3.1/../../../arm-none-eabi/lib/thumb/v7-m/nofp/libg_nano.a(lib_a-errno.o)
                              CMakeFiles/imu_config.dir/Core/Src/sysmem.c.obj (__errno)
/usr/lib/gcc/arm-none-eabi/10.3.1/../../../arm-none-eabi/lib/thumb/v7-m/nofp/libg_nano.a(lib_a-exit.o)
                              /usr/lib/gcc/arm-none-eabi/10.3.1/../../../arm-none-eabi/lib/thumb/v7-m/nofp/crt0.o (exit)
/usr/lib/gcc/arm-none-eabi/10.3.1/../../../arm-none-eabi/lib/thumb/v7-m/nofp/libg_nano.a(lib_a-fini.o)
                              /usr/lib/gcc/arm-none-eabi/10.3.1/../../../arm-none-eabi/lib/thumb/v7-m/nofp/crt0.o (__libc_fini_array)
/usr/lib/gcc/arm-none-eabi/10.3.1/../../../arm-none-eabi/lib/thumb/v7-m/nofp/libg_nano.a(lib_a-impure.o)
                              /usr/lib/gcc/arm-none-eabi/10.3.1/../../../arm-none-eabi/lib/thumb/v7-m/nofp/libg_nano.a(lib_a-exit.o) (_global_impure_ptr)
/usr/lib/gcc/arm-none-eabi/10.3.1/../../../arm-none-eabi/lib/thumb/v7-m/nofp/libg_nano.a(lib_a-init.o)
                              /usr/lib/gcc/arm-none-eabi/10.3.1/../../../arm-none-eabi/lib/thumb/v7-m/nofp/crt0.o (__libc_init_array)
/usr/lib/gcc/arm-none-eabi/10.3.1/../../../arm-none-eabi/lib/thumb/v7-m/nofp/libg_nano.a(lib_a-memcpy.o)
                              CMakeFiles/imu_config.dir/Core/Src/wrapper.cpp.obj (memcpy)
/usr/lib/gcc/arm-none-eabi/10.3.1/../../../arm-none-eabi/lib/thumb/v7-m/nofp/libg_nano.a(lib_a-memset.o)
                              /usr/lib/gcc/arm-none-eabi/10.3.1/../../../arm-none-eabi/lib/thumb/v7-m/nofp/crt0.o (memset)
/usr/lib/gcc/arm-none-eabi/10.3.1/../../../arm-none-eabi/lib/thumb/v7-m/nofp/libg_nano.a(lib_a-__atexit.o)
                              /usr/lib/gcc/arm-none-eabi/10.3.1/../../../arm-none-eabi/lib/thumb/v7-m/nofp/libg_nano.a(lib_a-atexit.o) (__register_exitproc)
/usr/lib/gcc/arm-none-eabi/10.3.1/../../../arm-none-eabi/lib/thumb/v7-m/nofp/libg_nano.a(lib_a-__call_atexit.o)
                              /usr/lib/gcc/arm-none-eabi/10.3.1/../../../arm-none-eabi/lib/thumb/v7-m/nofp/libg_nano.a(lib_a-__atexit.o) (__call_exitprocs)

Discarded input sections

 .text          0x0000000000000000        0x0 /usr/lib/gcc/arm-none-eabi/10.3.1/thumb/v7-m/nofp/crti.o
 .data          0x0000000000000000        0x0 /usr/lib/gcc/arm-none-eabi/10.3.1/thumb/v7-m/nofp/crti.o
 .bss           0x0000000000000000        0x0 /usr/lib/gcc/arm-none-eabi/10.3.1/thumb/v7-m/nofp/crti.o
 .data          0x0000000000000000        0x4 /usr/lib/gcc/arm-none-eabi/10.3.1/thumb/v7-m/nofp/crtbegin.o
 .rodata        0x0000000000000000       0x24 /usr/lib/gcc/arm-none-eabi/10.3.1/thumb/v7-m/nofp/crtbegin.o
 .text          0x0000000000000000       0x70 /usr/lib/gcc/arm-none-eabi/10.3.1/../../../arm-none-eabi/lib/thumb/v7-m/nofp/crt0.o
 .data          0x0000000000000000        0x0 /usr/lib/gcc/arm-none-eabi/10.3.1/../../../arm-none-eabi/lib/thumb/v7-m/nofp/crt0.o
 .bss           0x0000000000000000        0x0 /usr/lib/gcc/arm-none-eabi/10.3.1/../../../arm-none-eabi/lib/thumb/v7-m/nofp/crt0.o
[...]
Memory Configuration

Name             Origin             Length             Attributes
RAM              0x0000000020000000 0x0000000000005000 xrw
FLASH            0x0000000008000000 0x0000000000010000 xr
*default*        0x0000000000000000 0xffffffffffffffff

Linker script and memory map

LOAD /usr/lib/gcc/arm-none-eabi/10.3.1/thumb/v7-m/nofp/crti.o
LOAD /usr/lib/gcc/arm-none-eabi/10.3.1/thumb/v7-m/nofp/crtbegin.o
LOAD /usr/lib/gcc/arm-none-eabi/10.3.1/../../../arm-none-eabi/lib/thumb/v7-m/nofp/crt0.o
LOAD CMakeFiles/imu_config.dir/Core/Src/wrapper.cpp.obj
LOAD CMakeFiles/imu_config.dir/Core/Src/bsp_dwt.c.obj
LOAD CMakeFiles/imu_config.dir/Device/imu/mpu6050.cpp.obj
LOAD CMakeFiles/imu_config.dir/Core/Src/main.c.obj
LOAD CMakeFiles/imu_config.dir/Core/Src/gpio.c.obj
LOAD CMakeFiles/imu_config.dir/Core/Src/dma.c.obj
LOAD CMakeFiles/imu_config.dir/Core/Src/i2c.c.obj
LOAD CMakeFiles/imu_config.dir/Core/Src/tim.c.obj
LOAD CMakeFiles/imu_config.dir/Core/Src/usart.c.obj
LOAD CMakeFiles/imu_config.dir/Core/Src/stm32f1xx_it.c.obj
LOAD CMakeFiles/imu_config.dir/Core/Src/stm32f1xx_hal_msp.c.obj
LOAD CMakeFiles/imu_config.dir/Core/Src/sysmem.c.obj
LOAD CMakeFiles/imu_config.dir/Core/Src/syscalls.c.obj
LOAD CMakeFiles/imu_config.dir/startup_stm32f103xb.s.obj
LOAD cmake/stm32cubemx/CMakeFiles/STM32_Drivers.dir/__/__/Core/Src/system_stm32f1xx.c.obj
LOAD cmake/stm32cubemx/CMakeFiles/STM32_Drivers.dir/__/__/Drivers/STM32F1xx_HAL_Driver/Src/stm32f1xx_hal_gpio_ex.c.obj
LOAD cmake/stm32cubemx/CMakeFiles/STM32_Drivers.dir/__/__/Drivers/STM32F1xx_HAL_Driver/Src/stm32f1xx_hal_i2c.c.obj
LOAD cmake/stm32cubemx/CMakeFiles/STM32_Drivers.dir/__/__/Drivers/STM32F1xx_HAL_Driver/Src/stm32f1xx_hal.c.obj
LOAD cmake/stm32cubemx/CMakeFiles/STM32_Drivers.dir/__/__/Drivers/STM32F1xx_HAL_Driver/Src/stm32f1xx_hal_rcc.c.obj
LOAD cmake/stm32cubemx/CMakeFiles/STM32_Drivers.dir/__/__/Drivers/STM32F1xx_HAL_Driver/Src/stm32f1xx_hal_rcc_ex.c.obj
LOAD cmake/stm32cubemx/CMakeFiles/STM32_Drivers.dir/__/__/Drivers/STM32F1xx_HAL_Driver/Src/stm32f1xx_hal_gpio.c.obj
LOAD cmake/stm32cubemx/CMakeFiles/STM32_Drivers.dir/__/__/Drivers/STM32F1xx_HAL_Driver/Src/stm32f1xx_hal_dma.c.obj
LOAD cmake/stm32cubemx/CMakeFiles/STM32_Drivers.dir/__/__/Drivers/STM32F1xx_HAL_Driver/Src/stm32f1xx_hal_cortex.c.obj
LOAD cmake/stm32cubemx/CMakeFiles/STM32_Drivers.dir/__/__/Drivers/STM32F1xx_HAL_Driver/Src/stm32f1xx_hal_pwr.c.obj
LOAD cmake/stm32cubemx/CMakeFiles/STM32_Drivers.dir/__/__/Drivers/STM32F1xx_HAL_Driver/Src/stm32f1xx_hal_flash.c.obj
LOAD cmake/stm32cubemx/CMakeFiles/STM32_Drivers.dir/__/__/Drivers/STM32F1xx_HAL_Driver/Src/stm32f1xx_hal_flash_ex.c.obj
LOAD cmake/stm32cubemx/CMakeFiles/STM32_Drivers.dir/__/__/Drivers/STM32F1xx_HAL_Driver/Src/stm32f1xx_hal_exti.c.obj
LOAD cmake/stm32cubemx/CMakeFiles/STM32_Drivers.dir/__/__/Drivers/STM32F1xx_HAL_Driver/Src/stm32f1xx_hal_tim.c.obj
LOAD cmake/stm32cubemx/CMakeFiles/STM32_Drivers.dir/__/__/Drivers/STM32F1xx_HAL_Driver/Src/stm32f1xx_hal_tim_ex.c.obj
LOAD cmake/stm32cubemx/CMakeFiles/STM32_Drivers.dir/__/__/Drivers/STM32F1xx_HAL_Driver/Src/stm32f1xx_hal_uart.c.obj
LOAD /usr/lib/gcc/arm-none-eabi/10.3.1/../../../arm-none-eabi/lib/thumb/v7-m/nofp/libstdc++_nano.a
LOAD /usr/lib/gcc/arm-none-eabi/10.3.1/../../../arm-none-eabi/lib/thumb/v7-m/nofp/libm.a
START GROUP
LOAD /usr/lib/gcc/arm-none-eabi/10.3.1/thumb/v7-m/nofp/libgcc.a
LOAD /usr/lib/gcc/arm-none-eabi/10.3.1/../../../arm-none-eabi/lib/thumb/v7-m/nofp/libg_nano.a
LOAD /usr/lib/gcc/arm-none-eabi/10.3.1/../../../arm-none-eabi/lib/thumb/v7-m/nofp/libc_nano.a
END GROUP
START GROUP
LOAD /usr/lib/gcc/arm-none-eabi/10.3.1/thumb/v7-m/nofp/libgcc.a
LOAD /usr/lib/gcc/arm-none-eabi/10.3.1/../../../arm-none-eabi/lib/thumb/v7-m/nofp/libc_nano.a
END GROUP
LOAD /usr/lib/gcc/arm-none-eabi/10.3.1/thumb/v7-m/nofp/crtend.o
LOAD /usr/lib/gcc/arm-none-eabi/10.3.1/thumb/v7-m/nofp/crtn.o
                0x0000000020005000                _estack = (ORIGIN (RAM) + LENGTH (RAM))
                0x0000000020004c00                _sstack = (_estack - _Min_Stack_Size)
                0x0000000000000200                _Min_Heap_Size = 0x200
                0x0000000000000400                _Min_Stack_Size = 0x400

.isr_vector     0x0000000008000000      0x10c
                0x0000000008000000                . = ALIGN (0x4)
 *(.isr_vector)
 .isr_vector    0x0000000008000000      0x10c CMakeFiles/imu_config.dir/startup_stm32f103xb.s.obj
                0x0000000008000000                g_pfnVectors
                0x000000000800010c                . = ALIGN (0x4)

.text           0x000000000800010c     0x7878
                0x000000000800010c                . = ALIGN (0x4)
 *(.text)
 .text          0x000000000800010c       0x88 /usr/lib/gcc/arm-none-eabi/10.3.1/thumb/v7-m/nofp/crtbegin.o
 .text          0x0000000008000194      0x21c /usr/lib/gcc/arm-none-eabi/10.3.1/thumb/v7-m/nofp/libgcc.a(_arm_addsubsf3.o)
                0x0000000008000194                __aeabi_frsub
                0x000000000800019c                __subsf3
                0x000000000800019c                __aeabi_fsub
                0x00000000080001a0                __aeabi_fadd
                0x00000000080001a0                __addsf3
                0x0000000008000300                __aeabi_ui2f
                0x0000000008000300                __floatunsisf
                0x0000000008000308                __aeabi_i2f
                0x0000000008000308                __floatsisf
                0x0000000008000324                __floatundisf
                0x0000000008000324                __aeabi_ul2f
                0x0000000008000334                __floatdisf
                0x0000000008000334                __aeabi_l2f
 .text          0x00000000080003b0      0x2a0 /usr/lib/gcc/arm-none-eabi/10.3.1/thumb/v7-m/nofp/libgcc.a(_arm_muldivsf3.o)
                0x00000000080003b0                __mulsf3
                0x00000000080003b0                __aeabi_fmul
                0x0000000008000518                __divsf3
                0x0000000008000518                __aeabi_fdiv
 .text          0x0000000008000650       0x30 /usr/lib/gcc/arm-none-eabi/10.3.1/thumb/v7-m/nofp/libgcc.a(_aeabi_uldivmod.o)
                0x0000000008000650                __aeabi_uldivmod
 .text          0x0000000008000680      0x2d4 /usr/lib/gcc/arm-none-eabi/10.3.1/thumb/v7-m/nofp/libgcc.a(_udivmoddi4.o)
                0x0000000008000680                __udivmoddi4
 .text          0x0000000008000954        0x4 /usr/lib/gcc/arm-none-eabi/10.3.1/thumb/v7-m/nofp/libgcc.a(_dvmd_tls.o)
                0x0000000008000954                __aeabi_ldiv0
                0x0000000008000954                __aeabi_idiv0
 .text          0x0000000008000958       0x48 /usr/lib/gcc/arm-none-eabi/10.3.1/../../../arm-none-eabi/lib/thumb/v7-m/nofp/libg_nano.a(lib_a-init.o)
                0x0000000008000958                __libc_init_array
 .text          0x00000000080009a0       0xec /usr/lib/gcc/arm-none-eabi/10.3.1/../../../arm-none-eabi/lib/thumb/v7-m/nofp/libg_nano.a(lib_a-memcpy.o)
                0x00000000080009a0                memcpy
 .text          0x0000000008000a8c       0xa4 /usr/lib/gcc/arm-none-eabi/10.3.1/../../../arm-none-eabi/lib/thumb/v7-m/nofp/libg_nano.a(lib_a-memset.o)
                0x0000000008000a8c                memset
 *(.text*)
 .text.mpu6050_init_wrapper
                0x0000000008000b30       0x18 CMakeFiles/imu_config.dir/Core/Src/wrapper.cpp.obj
                0x0000000008000b30                mpu6050_init_wrapper
 .text.mpu6050_get_data_wrapper
                0x0000000008000b48       0x54 CMakeFiles/imu_config.dir/Core/Src/wrapper.cpp.obj
                0x0000000008000b48                mpu6050_get_data_wrapper
 .text._Z41__static_initialization_and_destruction_0ii
                0x0000000008000b9c       0x30 CMakeFiles/imu_config.dir/Core/Src/wrapper.cpp.obj
 .text._GLOBAL__sub_I_mpu6050_init_wrapper
                0x0000000008000bcc       0x10 CMakeFiles/imu_config.dir/Core/Src/wrapper.cpp.obj
 .text.DWT_Init
                0x0000000008000bdc       0xa4 CMakeFiles/imu_config.dir/Core/Src/bsp_dwt.c.obj
                0x0000000008000bdc                DWT_Init
 .text.DWT_SysTimeUpdate
                0x0000000008000c80      0x1d4 CMakeFiles/imu_config.dir/Core/Src/bsp_dwt.c.obj
                0x0000000008000c80                DWT_SysTimeUpdate
 .text.DWT_GetTimeline_us
                0x0000000008000e54      0x160 CMakeFiles/imu_config.dir/Core/Src/bsp_dwt.c.obj
                0x0000000008000e54                DWT_GetTimeline_us
 .text.DWT_CNT_Update
                0x0000000008000fb4       0x3c CMakeFiles/imu_config.dir/Core/Src/bsp_dwt.c.obj
 .text._ZN7MPU605016MPU6050_WriteRegEhh
                0x0000000008000ff0       0x3c CMakeFiles/imu_config.dir/Device/imu/mpu6050.cpp.obj
                0x0000000008000ff0                MPU6050::MPU6050_WriteReg(unsigned char, unsigned char)
 .text._ZN7MPU605015MPU6050_ReadRegEhPh
                0x000000000800102c       0x38 CMakeFiles/imu_config.dir/Device/imu/mpu6050.cpp.obj
                0x000000000800102c                MPU6050::MPU6050_ReadReg(unsigned char, unsigned char*)
 .text._ZN7MPU605017MPU6050_ReadBytesEhPhh
                0x0000000008001064       0x40 CMakeFiles/imu_config.dir/Device/imu/mpu6050.cpp.obj
                0x0000000008001064                MPU6050::MPU6050_ReadBytes(unsigned char, unsigned char*, unsigned char)
 .text._ZN7MPU605011getinstanceEv
                0x00000000080010a4       0x14 CMakeFiles/imu_config.dir/Device/imu/mpu6050.cpp.obj
                0x00000000080010a4                MPU6050::getinstance()
 .text._ZN7MPU605012MPU6050_InitEv
                0x00000000080010b8       0x5c CMakeFiles/imu_config.dir/Device/imu/mpu6050.cpp.obj
                0x00000000080010b8                MPU6050::MPU6050_Init()
 .text._ZN7MPU605015MPU6050_ReadRawEv
                0x0000000008001114       0xae CMakeFiles/imu_config.dir/Device/imu/mpu6050.cpp.obj
                0x0000000008001114                MPU6050::MPU6050_ReadRaw()
 *fill*         0x00000000080011c2        0x2 
 .text._ZN7MPU605016MPU6050_ReadDataEv
                0x00000000080011c4       0xac CMakeFiles/imu_config.dir/Device/imu/mpu6050.cpp.obj
                0x00000000080011c4                MPU6050::MPU6050_ReadData()
 .text._ZN7MPU60508get_dataEv
                0x0000000008001270       0x14 CMakeFiles/imu_config.dir/Device/imu/mpu6050.cpp.obj
                0x0000000008001270                MPU6050::get_data()
 .text.crc16    0x0000000008001284       0x7c CMakeFiles/imu_config.dir/Core/Src/main.c.obj
                0x0000000008001284                crc16
 .text.send_imu_packet
                0x0000000008001300       0x40 CMakeFiles/imu_config.dir/Core/Src/main.c.obj
                0x0000000008001300                send_imu_packet
 .text.main     0x0000000008001340       0xd8 CMakeFiles/imu_config.dir/Core/Src/main.c.obj
                0x0000000008001340                main
 .text.SystemClock_Config
                0x0000000008001418       0x8a CMakeFiles/imu_config.dir/Core/Src/main.c.obj
                0x0000000008001418                SystemClock_Config
 *fill*         0x00000000080014a2        0x2 
 .text.HAL_GPIO_EXTI_Callback
                0x00000000080014a4       0x44 CMakeFiles/imu_config.dir/Core/Src/main.c.obj
                0x00000000080014a4                HAL_GPIO_EXTI_Callback
 .text.HAL_TIM_PeriodElapsedCallback
                0x00000000080014e8      0x12c CMakeFiles/imu_config.dir/Core/Src/main.c.obj
                0x00000000080014e8                HAL_TIM_PeriodElapsedCallback
 .text.Error_Handler
                0x0000000008001614        0xa CMakeFiles/imu_config.dir/Core/Src/main.c.obj
                0x0000000008001614                Error_Handler
 *fill*         0x000000000800161e        0x2 
 .text.MX_GPIO_Init
                0x0000000008001620       0xec CMakeFiles/imu_config.dir/Core/Src/gpio.c.obj
                0x0000000008001620                MX_GPIO_Init
 .text.MX_DMA_Init
                0x000000000800170c       0x6c CMakeFiles/imu_config.dir/Core/Src/dma.c.obj
                0x000000000800170c                MX_DMA_Init
 .text.MX_I2C1_Init
                0x0000000008001778       0x5c CMakeFiles/imu_config.dir/Core/Src/i2c.c.obj
                0x0000000008001778                MX_I2C1_Init
 .text.HAL_I2C_MspInit
                0x00000000080017d4      0x144 CMakeFiles/imu_config.dir/Core/Src/i2c.c.obj
                0x00000000080017d4                HAL_I2C_MspInit
 .text.MX_TIM1_Init
                0x0000000008001918       0xc0 CMakeFiles/imu_config.dir/Core/Src/tim.c.obj
                0x0000000008001918                MX_TIM1_Init
 .text.MX_TIM2_Init
                0x00000000080019d8       0x9c CMakeFiles/imu_config.dir/Core/Src/tim.c.obj
                0x00000000080019d8                MX_TIM2_Init
 .text.HAL_TIM_Base_MspInit
                0x0000000008001a74       0x80 CMakeFiles/imu_config.dir/Core/Src/tim.c.obj
                0x0000000008001a74                HAL_TIM_Base_MspInit
 .text.HAL_TIM_PWM_MspInit
                0x0000000008001af4       0x4c CMakeFiles/imu_config.dir/Core/Src/tim.c.obj
                0x0000000008001af4                HAL_TIM_PWM_MspInit
 .text.MX_USART1_UART_Init
                0x0000000008001b40       0x54 CMakeFiles/imu_config.dir/Core/Src/usart.c.obj
                0x0000000008001b40                MX_USART1_UART_Init
 .text.HAL_UART_MspInit
                0x0000000008001b94      0x154 CMakeFiles/imu_config.dir/Core/Src/usart.c.obj
                0x0000000008001b94                HAL_UART_MspInit
 .text.NMI_Handler
                0x0000000008001ce8        0x6 CMakeFiles/imu_config.dir/Core/Src/stm32f1xx_it.c.obj
                0x0000000008001ce8                NMI_Handler
 .text.HardFault_Handler
                0x0000000008001cee        0x6 CMakeFiles/imu_config.dir/Core/Src/stm32f1xx_it.c.obj
                0x0000000008001cee                HardFault_Handler
 .text.MemManage_Handler
                0x0000000008001cf4        0x6 CMakeFiles/imu_config.dir/Core/Src/stm32f1xx_it.c.obj
                0x0000000008001cf4                MemManage_Handler
 .text.BusFault_Handler
                0x0000000008001cfa        0x6 CMakeFiles/imu_config.dir/Core/Src/stm32f1xx_it.c.obj
                0x0000000008001cfa                BusFault_Handler
 .text.UsageFault_Handler
                0x0000000008001d00        0x6 CMakeFiles/imu_config.dir/Core/Src/stm32f1xx_it.c.obj
                0x0000000008001d00                UsageFault_Handler
 .text.SVC_Handler
                0x0000000008001d06        0xc CMakeFiles/imu_config.dir/Core/Src/stm32f1xx_it.c.obj
                0x0000000008001d06                SVC_Handler
 .text.DebugMon_Handler
                0x0000000008001d12        0xc CMakeFiles/imu_config.dir/Core/Src/stm32f1xx_it.c.obj
                0x0000000008001d12                DebugMon_Handler
 .text.PendSV_Handler
                0x0000000008001d1e        0xc CMakeFiles/imu_config.dir/Core/Src/stm32f1xx_it.c.obj
                0x0000000008001d1e                PendSV_Handler
 .text.SysTick_Handler
                0x0000000008001d2a        0xc CMakeFiles/imu_config.dir/Core/Src/stm32f1xx_it.c.obj
                0x0000000008001d2a                SysTick_Handler
 *fill*         0x0000000008001d36        0x2 
 .text.DMA1_Channel4_IRQHandler
                0x0000000008001d38       0x14 CMakeFiles/imu_config.dir/Core/Src/stm32f1xx_it.c.obj
                0x0000000008001d38                DMA1_Channel4_IRQHandler
 .text.DMA1_Channel5_IRQHandler
                0x0000000008001d4c       0x14 CMakeFiles/imu_config.dir/Core/Src/stm32f1xx_it.c.obj
                0x0000000008001d4c                DMA1_Channel5_IRQHandler
 .text.DMA1_Channel6_IRQHandler
                0x0000000008001d60       0x14 CMakeFiles/imu_config.dir/Core/Src/stm32f1xx_it.c.obj
                0x0000000008001d60                DMA1_Channel6_IRQHandler
 .text.DMA1_Channel7_IRQHandler
                0x0000000008001d74       0x14 CMakeFiles/imu_config.dir/Core/Src/stm32f1xx_it.c.obj
                0x0000000008001d74                DMA1_Channel7_IRQHandler
 .text.TIM2_IRQHandler
                0x0000000008001d88       0x14 CMakeFiles/imu_config.dir/Core/Src/stm32f1xx_it.c.obj
                0x0000000008001d88                TIM2_IRQHandler
 .text.TIM1_UP_IRQHandler
                0x0000000008001d9c       0x14 CMakeFiles/imu_config.dir/Core/Src/stm32f1xx_it.c.obj
                0x0000000008001d9c                TIM1_UP_IRQHandler
 .text.EXTI15_10_IRQHandler
                0x0000000008001db0       0x10 CMakeFiles/imu_config.dir/Core/Src/stm32f1xx_it.c.obj
                0x0000000008001db0                EXTI15_10_IRQHandler
 .text.I2C1_EV_IRQHandler
                0x0000000008001dc0       0x14 CMakeFiles/imu_config.dir/Core/Src/stm32f1xx_it.c.obj
                0x0000000008001dc0                I2C1_EV_IRQHandler
 .text.I2C1_ER_IRQHandler
                0x0000000008001dd4       0x14 CMakeFiles/imu_config.dir/Core/Src/stm32f1xx_it.c.obj
                0x0000000008001dd4                I2C1_ER_IRQHandler
 .text.USART1_IRQHandler
                0x0000000008001de8       0x14 CMakeFiles/imu_config.dir/Core/Src/stm32f1xx_it.c.obj
                0x0000000008001de8                USART1_IRQHandler
 .text.HAL_MspInit
                0x0000000008001dfc       0x64 CMakeFiles/imu_config.dir/Core/Src/stm32f1xx_hal_msp.c.obj
                0x0000000008001dfc                HAL_MspInit
 .text.Reset_Handler
                0x0000000008001e60       0x48 CMakeFiles/imu_config.dir/startup_stm32f103xb.s.obj
                0x0000000008001e60                Reset_Handler
 .text.Default_Handler
                0x0000000008001ea8        0x2 CMakeFiles/imu_config.dir/startup_stm32f103xb.s.obj
                0x0000000008001ea8                RTC_Alarm_IRQHandler
                0x0000000008001ea8                EXTI2_IRQHandler
                0x0000000008001ea8                TIM1_CC_IRQHandler
                0x0000000008001ea8                PVD_IRQHandler
                0x0000000008001ea8                EXTI3_IRQHandler
                0x0000000008001ea8                EXTI0_IRQHandler
                0x0000000008001ea8                I2C2_EV_IRQHandler
                0x0000000008001ea8                ADC1_2_IRQHandler
                0x0000000008001ea8                SPI1_IRQHandler
                0x0000000008001ea8                TAMPER_IRQHandler
                0x0000000008001ea8                USART3_IRQHandler
                0x0000000008001ea8                RTC_IRQHandler
                0x0000000008001ea8                CAN1_RX1_IRQHandler
                0x0000000008001ea8                TIM4_IRQHandler
                0x0000000008001ea8                TIM3_IRQHandler
                0x0000000008001ea8                RCC_IRQHandler
                0x0000000008001ea8                TIM1_TRG_COM_IRQHandler
                0x0000000008001ea8                DMA1_Channel1_IRQHandler
                0x0000000008001ea8                Default_Handler
                0x0000000008001ea8                EXTI9_5_IRQHandler
                0x0000000008001ea8                SPI2_IRQHandler
                0x0000000008001ea8                EXTI4_IRQHandler
                0x0000000008001ea8                USB_LP_CAN1_RX0_IRQHandler
                0x0000000008001ea8                USB_HP_CAN1_TX_IRQHandler
                0x0000000008001ea8                DMA1_Channel3_IRQHandler
                0x0000000008001ea8                WWDG_IRQHandler
                0x0000000008001ea8                TIM1_BRK_IRQHandler
                0x0000000008001ea8                EXTI1_IRQHandler
                0x0000000008001ea8                USART2_IRQHandler
                0x0000000008001ea8                I2C2_ER_IRQHandler
                0x0000000008001ea8                DMA1_Channel2_IRQHandler
                0x0000000008001ea8                CAN1_SCE_IRQHandler
                0x0000000008001ea8                FLASH_IRQHandler
                0x0000000008001ea8                USBWakeUp_IRQHandler
 .text.SystemInit
                0x0000000008001eaa        0xc cmake/stm32cubemx/CMakeFiles/STM32_Drivers.dir/__/__/Core/Src/system_stm32f1xx.c.obj
                0x0000000008001eaa                SystemInit
 *fill*         0x0000000008001eb6        0x2 
 .text.HAL_I2C_Init
                0x0000000008001eb8      0x288 cmake/stm32cubemx/CMakeFiles/STM32_Drivers.dir/__/__/Drivers/STM32F1xx_HAL_Driver/Src/stm32f1xx_hal_i2c.c.obj
                0x0000000008001eb8                HAL_I2C_Init
 .text.I2C_Flush_DR
                0x0000000008002140       0x28 cmake/stm32cubemx/CMakeFiles/STM32_Drivers.dir/__/__/Drivers/STM32F1xx_HAL_Driver/Src/stm32f1xx_hal_i2c.c.obj
 .text.HAL_I2C_Mem_Write
                0x0000000008002168      0x1f4 cmake/stm32cubemx/CMakeFiles/STM32_Drivers.dir/__/__/Drivers/STM32F1xx_HAL_Driver/Src/stm32f1xx_hal_i2c.c.obj
                0x0000000008002168                HAL_I2C_Mem_Write
 .text.HAL_I2C_Mem_Read
                0x000000000800235c      0x4e8 cmake/stm32cubemx/CMakeFiles/STM32_Drivers.dir/__/__/Drivers/STM32F1xx_HAL_Driver/Src/stm32f1xx_hal_i2c.c.obj
                0x000000000800235c                HAL_I2C_Mem_Read
 .text.HAL_I2C_EV_IRQHandler
                0x0000000008002844      0x2e2 cmake/stm32cubemx/CMakeFiles/STM32_Drivers.dir/__/__/Drivers/STM32F1xx_HAL_Driver/Src/stm32f1xx_hal_i2c.c.obj
                0x0000000008002844                HAL_I2C_EV_IRQHandler
 .text.HAL_I2C_ER_IRQHandler
                0x0000000008002b26      0x15e cmake/stm32cubemx/CMakeFiles/STM32_Drivers.dir/__/__/Drivers/STM32F1xx_HAL_Driver/Src/stm32f1xx_hal_i2c.c.obj
                0x0000000008002b26                HAL_I2C_ER_IRQHandler
 .text.HAL_I2C_MasterTxCpltCallback
                0x0000000008002c84       0x12 cmake/stm32cubemx/CMakeFiles/STM32_Drivers.dir/__/__/Drivers/STM32F1xx_HAL_Driver/Src/stm32f1xx_hal_i2c.c.obj
                0x0000000008002c84                HAL_I2C_MasterTxCpltCallback
 .text.HAL_I2C_MasterRxCpltCallback
                0x0000000008002c96       0x12 cmake/stm32cubemx/CMakeFiles/STM32_Drivers.dir/__/__/Drivers/STM32F1xx_HAL_Driver/Src/stm32f1xx_hal_i2c.c.obj
                0x0000000008002c96                HAL_I2C_MasterRxCpltCallback
 .text.HAL_I2C_SlaveTxCpltCallback
                0x0000000008002ca8       0x12 cmake/stm32cubemx/CMakeFiles/STM32_Drivers.dir/__/__/Drivers/STM32F1xx_HAL_Driver/Src/stm32f1xx_hal_i2c.c.obj
                0x0000000008002ca8                HAL_I2C_SlaveTxCpltCallback
 .text.HAL_I2C_SlaveRxCpltCallback
                0x0000000008002cba       0x12 cmake/stm32cubemx/CMakeFiles/STM32_Drivers.dir/__/__/Drivers/STM32F1xx_HAL_Driver/Src/stm32f1xx_hal_i2c.c.obj
                0x0000000008002cba                HAL_I2C_SlaveRxCpltCallback
 .text.HAL_I2C_AddrCallback
                0x0000000008002ccc       0x1a cmake/stm32cubemx/CMakeFiles/STM32_Drivers.dir/__/__/Drivers/STM32F1xx_HAL_Driver/Src/stm32f1xx_hal_i2c.c.obj
                0x0000000008002ccc                HAL_I2C_AddrCallback
 .text.HAL_I2C_ListenCpltCallback
                0x0000000008002ce6       0x12 cmake/stm32cubemx/CMakeFiles/STM32_Drivers.dir/__/__/Drivers/STM32F1xx_HAL_Driver/Src/stm32f1xx_hal_i2c.c.obj
                0x0000000008002ce6                HAL_I2C_ListenCpltCallback
 .text.HAL_I2C_MemTxCpltCallback
                0x0000000008002cf8       0x12 cmake/stm32cubemx/CMakeFiles/STM32_Drivers.dir/__/__/Drivers/STM32F1xx_HAL_Driver/Src/stm32f1xx_hal_i2c.c.obj
                0x0000000008002cf8                HAL_I2C_MemTxCpltCallback
 .text.HAL_I2C_MemRxCpltCallback
                0x0000000008002d0a       0x12 cmake/stm32cubemx/CMakeFiles/STM32_Drivers.dir/__/__/Drivers/STM32F1xx_HAL_Driver/Src/stm32f1xx_hal_i2c.c.obj
                0x0000000008002d0a                HAL_I2C_MemRxCpltCallback
 .text.HAL_I2C_ErrorCallback
                0x0000000008002d1c       0x12 cmake/stm32cubemx/CMakeFiles/STM32_Drivers.dir/__/__/Drivers/STM32F1xx_HAL_Driver/Src/stm32f1xx_hal_i2c.c.obj
                0x0000000008002d1c                HAL_I2C_ErrorCallback
 .text.HAL_I2C_AbortCpltCallback
                0x0000000008002d2e       0x12 cmake/stm32cubemx/CMakeFiles/STM32_Drivers.dir/__/__/Drivers/STM32F1xx_HAL_Driver/Src/stm32f1xx_hal_i2c.c.obj
                0x0000000008002d2e                HAL_I2C_AbortCpltCallback
 .text.I2C_MasterTransmit_TXE
                0x0000000008002d40      0x138 cmake/stm32cubemx/CMakeFiles/STM32_Drivers.dir/__/__/Drivers/STM32F1xx_HAL_Driver/Src/stm32f1xx_hal_i2c.c.obj
 .text.I2C_MasterTransmit_BTF
                0x0000000008002e78       0xec cmake/stm32cubemx/CMakeFiles/STM32_Drivers.dir/__/__/Drivers/STM32F1xx_HAL_Driver/Src/stm32f1xx_hal_i2c.c.obj
 .text.I2C_MemoryTransmit_TXE_BTF
                0x0000000008002f64      0x130 cmake/stm32cubemx/CMakeFiles/STM32_Drivers.dir/__/__/Drivers/STM32F1xx_HAL_Driver/Src/stm32f1xx_hal_i2c.c.obj
 .text.I2C_MasterReceive_RXNE
                0x0000000008003094      0x190 cmake/stm32cubemx/CMakeFiles/STM32_Drivers.dir/__/__/Drivers/STM32F1xx_HAL_Driver/Src/stm32f1xx_hal_i2c.c.obj
 .text.I2C_MasterReceive_BTF
                0x0000000008003224      0x1e2 cmake/stm32cubemx/CMakeFiles/STM32_Drivers.dir/__/__/Drivers/STM32F1xx_HAL_Driver/Src/stm32f1xx_hal_i2c.c.obj
 .text.I2C_Master_SB
                0x0000000008003406      0x10a cmake/stm32cubemx/CMakeFiles/STM32_Drivers.dir/__/__/Drivers/STM32F1xx_HAL_Driver/Src/stm32f1xx_hal_i2c.c.obj
 .text.I2C_Master_ADD10
                0x0000000008003510       0x52 cmake/stm32cubemx/CMakeFiles/STM32_Drivers.dir/__/__/Drivers/STM32F1xx_HAL_Driver/Src/stm32f1xx_hal_i2c.c.obj
 .text.I2C_Master_ADDR
                0x0000000008003562      0x336 cmake/stm32cubemx/CMakeFiles/STM32_Drivers.dir/__/__/Drivers/STM32F1xx_HAL_Driver/Src/stm32f1xx_hal_i2c.c.obj
 .text.I2C_SlaveTransmit_TXE
                0x0000000008003898       0x7a cmake/stm32cubemx/CMakeFiles/STM32_Drivers.dir/__/__/Drivers/STM32F1xx_HAL_Driver/Src/stm32f1xx_hal_i2c.c.obj
 .text.I2C_SlaveTransmit_BTF
                0x0000000008003912       0x40 cmake/stm32cubemx/CMakeFiles/STM32_Drivers.dir/__/__/Drivers/STM32F1xx_HAL_Driver/Src/stm32f1xx_hal_i2c.c.obj
 .text.I2C_SlaveReceive_RXNE
                0x0000000008003952       0x7c cmake/stm32cubemx/CMakeFiles/STM32_Drivers.dir/__/__/Drivers/STM32F1xx_HAL_Driver/Src/stm32f1xx_hal_i2c.c.obj
 .text.I2C_SlaveReceive_BTF
                0x00000000080039ce       0x42 cmake/stm32cubemx/CMakeFiles/STM32_Drivers.dir/__/__/Drivers/STM32F1xx_HAL_Driver/Src/stm32f1xx_hal_i2c.c.obj
 .text.I2C_Slave_ADDR
                0x0000000008003a10       0x94 cmake/stm32cubemx/CMakeFiles/STM32_Drivers.dir/__/__/Drivers/STM32F1xx_HAL_Driver/Src/stm32f1xx_hal_i2c.c.obj
 .text.I2C_Slave_STOPF
                0x0000000008003aa4      0x260 cmake/stm32cubemx/CMakeFiles/STM32_Drivers.dir/__/__/Drivers/STM32F1xx_HAL_Driver/Src/stm32f1xx_hal_i2c.c.obj
 .text.I2C_Slave_AF
                0x0000000008003d04       0xe8 cmake/stm32cubemx/CMakeFiles/STM32_Drivers.dir/__/__/Drivers/STM32F1xx_HAL_Driver/Src/stm32f1xx_hal_i2c.c.obj
 .text.I2C_ITError
                0x0000000008003dec      0x264 cmake/stm32cubemx/CMakeFiles/STM32_Drivers.dir/__/__/Drivers/STM32F1xx_HAL_Driver/Src/stm32f1xx_hal_i2c.c.obj
 .text.I2C_RequestMemoryWrite
                0x0000000008004050      0x12c cmake/stm32cubemx/CMakeFiles/STM32_Drivers.dir/__/__/Drivers/STM32F1xx_HAL_Driver/Src/stm32f1xx_hal_i2c.c.obj
 .text.I2C_RequestMemoryRead
                0x000000000800417c      0x1d0 cmake/stm32cubemx/CMakeFiles/STM32_Drivers.dir/__/__/Drivers/STM32F1xx_HAL_Driver/Src/stm32f1xx_hal_i2c.c.obj
 .text.I2C_DMAAbort
                0x000000000800434c      0x150 cmake/stm32cubemx/CMakeFiles/STM32_Drivers.dir/__/__/Drivers/STM32F1xx_HAL_Driver/Src/stm32f1xx_hal_i2c.c.obj
 .text.I2C_WaitOnFlagUntilTimeout
                0x000000000800449c       0xf4 cmake/stm32cubemx/CMakeFiles/STM32_Drivers.dir/__/__/Drivers/STM32F1xx_HAL_Driver/Src/stm32f1xx_hal_i2c.c.obj
 .text.I2C_WaitOnMasterAddressFlagUntilTimeout
                0x0000000008004590      0x140 cmake/stm32cubemx/CMakeFiles/STM32_Drivers.dir/__/__/Drivers/STM32F1xx_HAL_Driver/Src/stm32f1xx_hal_i2c.c.obj
 .text.I2C_WaitOnTXEFlagUntilTimeout
                0x00000000080046d0       0x90 cmake/stm32cubemx/CMakeFiles/STM32_Drivers.dir/__/__/Drivers/STM32F1xx_HAL_Driver/Src/stm32f1xx_hal_i2c.c.obj
 .text.I2C_WaitOnBTFFlagUntilTimeout
                0x0000000008004760       0x90 cmake/stm32cubemx/CMakeFiles/STM32_Drivers.dir/__/__/Drivers/STM32F1xx_HAL_Driver/Src/stm32f1xx_hal_i2c.c.obj
 .text.I2C_WaitOnSTOPRequestThroughIT
                0x00000000080047f0       0x64 cmake/stm32cubemx/CMakeFiles/STM32_Drivers.dir/__/__/Drivers/STM32F1xx_HAL_Driver/Src/stm32f1xx_hal_i2c.c.obj
 .text.I2C_WaitOnRXNEFlagUntilTimeout
                0x0000000008004854       0xba cmake/stm32cubemx/CMakeFiles/STM32_Drivers.dir/__/__/Drivers/STM32F1xx_HAL_Driver/Src/stm32f1xx_hal_i2c.c.obj
 .text.I2C_IsAcknowledgeFailed
                0x000000000800490e       0x5c cmake/stm32cubemx/CMakeFiles/STM32_Drivers.dir/__/__/Drivers/STM32F1xx_HAL_Driver/Src/stm32f1xx_hal_i2c.c.obj
 .text.I2C_ConvertOtherXferOptions
                0x000000000800496a       0x34 cmake/stm32cubemx/CMakeFiles/STM32_Drivers.dir/__/__/Drivers/STM32F1xx_HAL_Driver/Src/stm32f1xx_hal_i2c.c.obj
 *fill*         0x000000000800499e        0x2 
 .text.HAL_Init
                0x00000000080049a0       0x2c cmake/stm32cubemx/CMakeFiles/STM32_Drivers.dir/__/__/Drivers/STM32F1xx_HAL_Driver/Src/stm32f1xx_hal.c.obj
                0x00000000080049a0                HAL_Init
 .text.HAL_InitTick
                0x00000000080049cc       0x60 cmake/stm32cubemx/CMakeFiles/STM32_Drivers.dir/__/__/Drivers/STM32F1xx_HAL_Driver/Src/stm32f1xx_hal.c.obj
                0x00000000080049cc                HAL_InitTick
 .text.HAL_IncTick
                0x0000000008004a2c       0x24 cmake/stm32cubemx/CMakeFiles/STM32_Drivers.dir/__/__/Drivers/STM32F1xx_HAL_Driver/Src/stm32f1xx_hal.c.obj
                0x0000000008004a2c                HAL_IncTick
 .text.HAL_GetTick
                0x0000000008004a50       0x14 cmake/stm32cubemx/CMakeFiles/STM32_Drivers.dir/__/__/Drivers/STM32F1xx_HAL_Driver/Src/stm32f1xx_hal.c.obj
                0x0000000008004a50                HAL_GetTick
 .text.HAL_Delay
                0x0000000008004a64       0x48 cmake/stm32cubemx/CMakeFiles/STM32_Drivers.dir/__/__/Drivers/STM32F1xx_HAL_Driver/Src/stm32f1xx_hal.c.obj
                0x0000000008004a64                HAL_Delay
 .text.HAL_RCC_OscConfig
                0x0000000008004aac      0x504 cmake/stm32cubemx/CMakeFiles/STM32_Drivers.dir/__/__/Drivers/STM32F1xx_HAL_Driver/Src/stm32f1xx_hal_rcc.c.obj
                0x0000000008004aac                HAL_RCC_OscConfig
 .text.HAL_RCC_ClockConfig
                0x0000000008004fb0      0x1d4 cmake/stm32cubemx/CMakeFiles/STM32_Drivers.dir/__/__/Drivers/STM32F1xx_HAL_Driver/Src/stm32f1xx_hal_rcc.c.obj
                0x0000000008004fb0                HAL_RCC_ClockConfig
 .text.HAL_RCC_GetSysClockFreq
                0x0000000008005184       0xa8 cmake/stm32cubemx/CMakeFiles/STM32_Drivers.dir/__/__/Drivers/STM32F1xx_HAL_Driver/Src/stm32f1xx_hal_rcc.c.obj
                0x0000000008005184                HAL_RCC_GetSysClockFreq
 .text.HAL_RCC_GetHCLKFreq
                0x000000000800522c       0x14 cmake/stm32cubemx/CMakeFiles/STM32_Drivers.dir/__/__/Drivers/STM32F1xx_HAL_Driver/Src/stm32f1xx_hal_rcc.c.obj
                0x000000000800522c                HAL_RCC_GetHCLKFreq
 .text.HAL_RCC_GetPCLK1Freq
                0x0000000008005240       0x28 cmake/stm32cubemx/CMakeFiles/STM32_Drivers.dir/__/__/Drivers/STM32F1xx_HAL_Driver/Src/stm32f1xx_hal_rcc.c.obj
                0x0000000008005240                HAL_RCC_GetPCLK1Freq
 .text.HAL_RCC_GetPCLK2Freq
                0x0000000008005268       0x28 cmake/stm32cubemx/CMakeFiles/STM32_Drivers.dir/__/__/Drivers/STM32F1xx_HAL_Driver/Src/stm32f1xx_hal_rcc.c.obj
                0x0000000008005268                HAL_RCC_GetPCLK2Freq
 .text.RCC_Delay
                0x0000000008005290       0x3c cmake/stm32cubemx/CMakeFiles/STM32_Drivers.dir/__/__/Drivers/STM32F1xx_HAL_Driver/Src/stm32f1xx_hal_rcc.c.obj
 .text.HAL_GPIO_Init
                0x00000000080052cc      0x308 cmake/stm32cubemx/CMakeFiles/STM32_Drivers.dir/__/__/Drivers/STM32F1xx_HAL_Driver/Src/stm32f1xx_hal_gpio.c.obj
                0x00000000080052cc                HAL_GPIO_Init
 .text.HAL_GPIO_WritePin
                0x00000000080055d4       0x30 cmake/stm32cubemx/CMakeFiles/STM32_Drivers.dir/__/__/Drivers/STM32F1xx_HAL_Driver/Src/stm32f1xx_hal_gpio.c.obj
                0x00000000080055d4                HAL_GPIO_WritePin
 .text.HAL_GPIO_TogglePin
                0x0000000008005604       0x32 cmake/stm32cubemx/CMakeFiles/STM32_Drivers.dir/__/__/Drivers/STM32F1xx_HAL_Driver/Src/stm32f1xx_hal_gpio.c.obj
                0x0000000008005604                HAL_GPIO_TogglePin
 *fill*         0x0000000008005636        0x2 
 .text.HAL_GPIO_EXTI_IRQHandler
                0x0000000008005638       0x30 cmake/stm32cubemx/CMakeFiles/STM32_Drivers.dir/__/__/Drivers/STM32F1xx_HAL_Driver/Src/stm32f1xx_hal_gpio.c.obj
                0x0000000008005638                HAL_GPIO_EXTI_IRQHandler
 .text.HAL_DMA_Init
                0x0000000008005668       0xb4 cmake/stm32cubemx/CMakeFiles/STM32_Drivers.dir/__/__/Drivers/STM32F1xx_HAL_Driver/Src/stm32f1xx_hal_dma.c.obj
                0x0000000008005668                HAL_DMA_Init
 .text.HAL_DMA_Start_IT
                0x000000000800571c       0xc0 cmake/stm32cubemx/CMakeFiles/STM32_Drivers.dir/__/__/Drivers/STM32F1xx_HAL_Driver/Src/stm32f1xx_hal_dma.c.obj
                0x000000000800571c                HAL_DMA_Start_IT
 .text.HAL_DMA_Abort
                0x00000000080057dc       0x76 cmake/stm32cubemx/CMakeFiles/STM32_Drivers.dir/__/__/Drivers/STM32F1xx_HAL_Driver/Src/stm32f1xx_hal_dma.c.obj
                0x00000000080057dc                HAL_DMA_Abort
 *fill*         0x0000000008005852        0x2 
 .text.HAL_DMA_Abort_IT
                0x0000000008005854       0xf0 cmake/stm32cubemx/CMakeFiles/STM32_Drivers.dir/__/__/Drivers/STM32F1xx_HAL_Driver/Src/stm32f1xx_hal_dma.c.obj
                0x0000000008005854                HAL_DMA_Abort_IT
 .text.HAL_DMA_IRQHandler
                0x0000000008005944      0x20c cmake/stm32cubemx/CMakeFiles/STM32_Drivers.dir/__/__/Drivers/STM32F1xx_HAL_Driver/Src/stm32f1xx_hal_dma.c.obj
                0x0000000008005944                HAL_DMA_IRQHandler
 .text.HAL_DMA_GetState
                0x0000000008005b50       0x1a cmake/stm32cubemx/CMakeFiles/STM32_Drivers.dir/__/__/Drivers/STM32F1xx_HAL_Driver/Src/stm32f1xx_hal_dma.c.obj
                0x0000000008005b50                HAL_DMA_GetState
 .text.DMA_SetConfig
                0x0000000008005b6a       0x5a cmake/stm32cubemx/CMakeFiles/STM32_Drivers.dir/__/__/Drivers/STM32F1xx_HAL_Driver/Src/stm32f1xx_hal_dma.c.obj
 .text.__NVIC_SetPriorityGrouping
                0x0000000008005bc4       0x48 cmake/stm32cubemx/CMakeFiles/STM32_Drivers.dir/__/__/Drivers/STM32F1xx_HAL_Driver/Src/stm32f1xx_hal_cortex.c.obj
 .text.__NVIC_GetPriorityGrouping
                0x0000000008005c0c       0x1c cmake/stm32cubemx/CMakeFiles/STM32_Drivers.dir/__/__/Drivers/STM32F1xx_HAL_Driver/Src/stm32f1xx_hal_cortex.c.obj
 .text.__NVIC_EnableIRQ
                0x0000000008005c28       0x38 cmake/stm32cubemx/CMakeFiles/STM32_Drivers.dir/__/__/Drivers/STM32F1xx_HAL_Driver/Src/stm32f1xx_hal_cortex.c.obj
 .text.__NVIC_SetPriority
                0x0000000008005c60       0x54 cmake/stm32cubemx/CMakeFiles/STM32_Drivers.dir/__/__/Drivers/STM32F1xx_HAL_Driver/Src/stm32f1xx_hal_cortex.c.obj
 .text.NVIC_EncodePriority
                0x0000000008005cb4       0x64 cmake/stm32cubemx/CMakeFiles/STM32_Drivers.dir/__/__/Drivers/STM32F1xx_HAL_Driver/Src/stm32f1xx_hal_cortex.c.obj
 .text.SysTick_Config
                0x0000000008005d18       0x44 cmake/stm32cubemx/CMakeFiles/STM32_Drivers.dir/__/__/Drivers/STM32F1xx_HAL_Driver/Src/stm32f1xx_hal_cortex.c.obj
 .text.HAL_NVIC_SetPriorityGrouping
                0x0000000008005d5c       0x16 cmake/stm32cubemx/CMakeFiles/STM32_Drivers.dir/__/__/Drivers/STM32F1xx_HAL_Driver/Src/stm32f1xx_hal_cortex.c.obj
                0x0000000008005d5c                HAL_NVIC_SetPriorityGrouping
 .text.HAL_NVIC_SetPriority
                0x0000000008005d72       0x38 cmake/stm32cubemx/CMakeFiles/STM32_Drivers.dir/__/__/Drivers/STM32F1xx_HAL_Driver/Src/stm32f1xx_hal_cortex.c.obj
                0x0000000008005d72                HAL_NVIC_SetPriority
 .text.HAL_NVIC_EnableIRQ
                0x0000000008005daa       0x1c cmake/stm32cubemx/CMakeFiles/STM32_Drivers.dir/__/__/Drivers/STM32F1xx_HAL_Driver/Src/stm32f1xx_hal_cortex.c.obj
                0x0000000008005daa                HAL_NVIC_EnableIRQ
 .text.HAL_SYSTICK_Config
                0x0000000008005dc6       0x18 cmake/stm32cubemx/CMakeFiles/STM32_Drivers.dir/__/__/Drivers/STM32F1xx_HAL_Driver/Src/stm32f1xx_hal_cortex.c.obj
                0x0000000008005dc6                HAL_SYSTICK_Config
 .text.HAL_TIM_Base_Init
                0x0000000008005dde       0x9e cmake/stm32cubemx/CMakeFiles/STM32_Drivers.dir/__/__/Drivers/STM32F1xx_HAL_Driver/Src/stm32f1xx_hal_tim.c.obj
                0x0000000008005dde                HAL_TIM_Base_Init
 .text.HAL_TIM_Base_Start_IT
                0x0000000008005e7c       0xa4 cmake/stm32cubemx/CMakeFiles/STM32_Drivers.dir/__/__/Drivers/STM32F1xx_HAL_Driver/Src/stm32f1xx_hal_tim.c.obj
                0x0000000008005e7c                HAL_TIM_Base_Start_IT
 .text.HAL_TIM_PWM_Init
                0x0000000008005f20       0x9e cmake/stm32cubemx/CMakeFiles/STM32_Drivers.dir/__/__/Drivers/STM32F1xx_HAL_Driver/Src/stm32f1xx_hal_tim.c.obj
                0x0000000008005f20                HAL_TIM_PWM_Init
 *fill*         0x0000000008005fbe        0x2 
 .text.HAL_TIM_PWM_Start
                0x0000000008005fc0      0x144 cmake/stm32cubemx/CMakeFiles/STM32_Drivers.dir/__/__/Drivers/STM32F1xx_HAL_Driver/Src/stm32f1xx_hal_tim.c.obj
                0x0000000008005fc0                HAL_TIM_PWM_Start
 .text.HAL_TIM_IRQHandler
                0x0000000008006104      0x1e0 cmake/stm32cubemx/CMakeFiles/STM32_Drivers.dir/__/__/Drivers/STM32F1xx_HAL_Driver/Src/stm32f1xx_hal_tim.c.obj
                0x0000000008006104                HAL_TIM_IRQHandler
 .text.HAL_TIM_PWM_ConfigChannel
                0x00000000080062e4      0x184 cmake/stm32cubemx/CMakeFiles/STM32_Drivers.dir/__/__/Drivers/STM32F1xx_HAL_Driver/Src/stm32f1xx_hal_tim.c.obj
                0x00000000080062e4                HAL_TIM_PWM_ConfigChannel
 .text.HAL_TIM_ConfigClockSource
                0x0000000008006468      0x18e cmake/stm32cubemx/CMakeFiles/STM32_Drivers.dir/__/__/Drivers/STM32F1xx_HAL_Driver/Src/stm32f1xx_hal_tim.c.obj
                0x0000000008006468                HAL_TIM_ConfigClockSource
 .text.HAL_TIM_OC_DelayElapsedCallback
                0x00000000080065f6       0x12 cmake/stm32cubemx/CMakeFiles/STM32_Drivers.dir/__/__/Drivers/STM32F1xx_HAL_Driver/Src/stm32f1xx_hal_tim.c.obj
                0x00000000080065f6                HAL_TIM_OC_DelayElapsedCallback
 .text.HAL_TIM_IC_CaptureCallback
                0x0000000008006608       0x12 cmake/stm32cubemx/CMakeFiles/STM32_Drivers.dir/__/__/Drivers/STM32F1xx_HAL_Driver/Src/stm32f1xx_hal_tim.c.obj
                0x0000000008006608                HAL_TIM_IC_CaptureCallback
 .text.HAL_TIM_PWM_PulseFinishedCallback
                0x000000000800661a       0x12 cmake/stm32cubemx/CMakeFiles/STM32_Drivers.dir/__/__/Drivers/STM32F1xx_HAL_Driver/Src/stm32f1xx_hal_tim.c.obj
                0x000000000800661a                HAL_TIM_PWM_PulseFinishedCallback
 .text.HAL_TIM_TriggerCallback
                0x000000000800662c       0x12 cmake/stm32cubemx/CMakeFiles/STM32_Drivers.dir/__/__/Drivers/STM32F1xx_HAL_Driver/Src/stm32f1xx_hal_tim.c.obj
                0x000000000800662c                HAL_TIM_TriggerCallback
 *fill*         0x000000000800663e        0x2 
 .text.TIM_Base_SetConfig
                0x0000000008006640       0xdc cmake/stm32cubemx/CMakeFiles/STM32_Drivers.dir/__/__/Drivers/STM32F1xx_HAL_Driver/Src/stm32f1xx_hal_tim.c.obj
                0x0000000008006640                TIM_Base_SetConfig
 .text.TIM_OC1_SetConfig
                0x000000000800671c       0xcc cmake/stm32cubemx/CMakeFiles/STM32_Drivers.dir/__/__/Drivers/STM32F1xx_HAL_Driver/Src/stm32f1xx_hal_tim.c.obj
 .text.TIM_OC2_SetConfig
                0x00000000080067e8       0xd4 cmake/stm32cubemx/CMakeFiles/STM32_Drivers.dir/__/__/Drivers/STM32F1xx_HAL_Driver/Src/stm32f1xx_hal_tim.c.obj
                0x00000000080067e8                TIM_OC2_SetConfig
 .text.TIM_OC3_SetConfig
                0x00000000080068bc       0xd4 cmake/stm32cubemx/CMakeFiles/STM32_Drivers.dir/__/__/Drivers/STM32F1xx_HAL_Driver/Src/stm32f1xx_hal_tim.c.obj
 .text.TIM_OC4_SetConfig
                0x0000000008006990       0x9c cmake/stm32cubemx/CMakeFiles/STM32_Drivers.dir/__/__/Drivers/STM32F1xx_HAL_Driver/Src/stm32f1xx_hal_tim.c.obj
 .text.TIM_TI1_ConfigInputStage
                0x0000000008006a2c       0x5c cmake/stm32cubemx/CMakeFiles/STM32_Drivers.dir/__/__/Drivers/STM32F1xx_HAL_Driver/Src/stm32f1xx_hal_tim.c.obj
 .text.TIM_TI2_ConfigInputStage
                0x0000000008006a88       0x5e cmake/stm32cubemx/CMakeFiles/STM32_Drivers.dir/__/__/Drivers/STM32F1xx_HAL_Driver/Src/stm32f1xx_hal_tim.c.obj
 .text.TIM_ITRx_SetConfig
                0x0000000008006ae6       0x34 cmake/stm32cubemx/CMakeFiles/STM32_Drivers.dir/__/__/Drivers/STM32F1xx_HAL_Driver/Src/stm32f1xx_hal_tim.c.obj
 .text.TIM_ETR_SetConfig
                0x0000000008006b1a       0x3e cmake/stm32cubemx/CMakeFiles/STM32_Drivers.dir/__/__/Drivers/STM32F1xx_HAL_Driver/Src/stm32f1xx_hal_tim.c.obj
                0x0000000008006b1a                TIM_ETR_SetConfig
 .text.TIM_CCxChannelCmd
                0x0000000008006b58       0x48 cmake/stm32cubemx/CMakeFiles/STM32_Drivers.dir/__/__/Drivers/STM32F1xx_HAL_Driver/Src/stm32f1xx_hal_tim.c.obj
                0x0000000008006b58                TIM_CCxChannelCmd
 .text.HAL_TIMEx_MasterConfigSynchronization
                0x0000000008006ba0       0xbc cmake/stm32cubemx/CMakeFiles/STM32_Drivers.dir/__/__/Drivers/STM32F1xx_HAL_Driver/Src/stm32f1xx_hal_tim_ex.c.obj
                0x0000000008006ba0                HAL_TIMEx_MasterConfigSynchronization
 .text.HAL_TIMEx_CommutCallback
                0x0000000008006c5c       0x12 cmake/stm32cubemx/CMakeFiles/STM32_Drivers.dir/__/__/Drivers/STM32F1xx_HAL_Driver/Src/stm32f1xx_hal_tim_ex.c.obj
                0x0000000008006c5c                HAL_TIMEx_CommutCallback
 .text.HAL_TIMEx_BreakCallback
                0x0000000008006c6e       0x12 cmake/stm32cubemx/CMakeFiles/STM32_Drivers.dir/__/__/Drivers/STM32F1xx_HAL_Driver/Src/stm32f1xx_hal_tim_ex.c.obj
                0x0000000008006c6e                HAL_TIMEx_BreakCallback
 .text.HAL_UART_Init
                0x0000000008006c80       0xa0 cmake/stm32cubemx/CMakeFiles/STM32_Drivers.dir/__/__/Drivers/STM32F1xx_HAL_Driver/Src/stm32f1xx_hal_uart.c.obj
                0x0000000008006c80                HAL_UART_Init
 .text.HAL_UART_Transmit_DMA
                0x0000000008006d20       0xe0 cmake/stm32cubemx/CMakeFiles/STM32_Drivers.dir/__/__/Drivers/STM32F1xx_HAL_Driver/Src/stm32f1xx_hal_uart.c.obj
                0x0000000008006d20                HAL_UART_Transmit_DMA
 .text.HAL_UART_IRQHandler
                0x0000000008006e00      0x524 cmake/stm32cubemx/CMakeFiles/STM32_Drivers.dir/__/__/Drivers/STM32F1xx_HAL_Driver/Src/stm32f1xx_hal_uart.c.obj
                0x0000000008006e00                HAL_UART_IRQHandler
 .text.HAL_UART_TxCpltCallback
                0x0000000008007324       0x12 cmake/stm32cubemx/CMakeFiles/STM32_Drivers.dir/__/__/Drivers/STM32F1xx_HAL_Driver/Src/stm32f1xx_hal_uart.c.obj
                0x0000000008007324                HAL_UART_TxCpltCallback
 .text.HAL_UART_TxHalfCpltCallback
                0x0000000008007336       0x12 cmake/stm32cubemx/CMakeFiles/STM32_Drivers.dir/__/__/Drivers/STM32F1xx_HAL_Driver/Src/stm32f1xx_hal_uart.c.obj
                0x0000000008007336                HAL_UART_TxHalfCpltCallback
 .text.HAL_UART_RxCpltCallback
                0x0000000008007348       0x12 cmake/stm32cubemx/CMakeFiles/STM32_Drivers.dir/__/__/Drivers/STM32F1xx_HAL_Driver/Src/stm32f1xx_hal_uart.c.obj
                0x0000000008007348                HAL_UART_RxCpltCallback
 .text.HAL_UART_ErrorCallback
                0x000000000800735a       0x12 cmake/stm32cubemx/CMakeFiles/STM32_Drivers.dir/__/__/Drivers/STM32F1xx_HAL_Driver/Src/stm32f1xx_hal_uart.c.obj
                0x000000000800735a                HAL_UART_ErrorCallback
 .text.HAL_UARTEx_RxEventCallback
                0x000000000800736c       0x16 cmake/stm32cubemx/CMakeFiles/STM32_Drivers.dir/__/__/Drivers/STM32F1xx_HAL_Driver/Src/stm32f1xx_hal_uart.c.obj
                0x000000000800736c                HAL_UARTEx_RxEventCallback
 .text.UART_DMATransmitCplt
                0x0000000008007382       0x9a cmake/stm32cubemx/CMakeFiles/STM32_Drivers.dir/__/__/Drivers/STM32F1xx_HAL_Driver/Src/stm32f1xx_hal_uart.c.obj
 .text.UART_DMATxHalfCplt
                0x000000000800741c       0x1c cmake/stm32cubemx/CMakeFiles/STM32_Drivers.dir/__/__/Drivers/STM32F1xx_HAL_Driver/Src/stm32f1xx_hal_uart.c.obj
 .text.UART_DMAError
                0x0000000008007438       0x94 cmake/stm32cubemx/CMakeFiles/STM32_Drivers.dir/__/__/Drivers/STM32F1xx_HAL_Driver/Src/stm32f1xx_hal_uart.c.obj
 .text.UART_EndTxTransfer
                0x00000000080074cc       0x4e cmake/stm32cubemx/CMakeFiles/STM32_Drivers.dir/__/__/Drivers/STM32F1xx_HAL_Driver/Src/stm32f1xx_hal_uart.c.obj
 .text.UART_EndRxTransfer
                0x000000000800751a       0xc4 cmake/stm32cubemx/CMakeFiles/STM32_Drivers.dir/__/__/Drivers/STM32F1xx_HAL_Driver/Src/stm32f1xx_hal_uart.c.obj
 .text.UART_DMAAbortOnError
                0x00000000080075de       0x28 cmake/stm32cubemx/CMakeFiles/STM32_Drivers.dir/__/__/Drivers/STM32F1xx_HAL_Driver/Src/stm32f1xx_hal_uart.c.obj
 .text.UART_Transmit_IT
                0x0000000008007606       0x9e cmake/stm32cubemx/CMakeFiles/STM32_Drivers.dir/__/__/Drivers/STM32F1xx_HAL_Driver/Src/stm32f1xx_hal_uart.c.obj
 .text.UART_EndTransmit_IT
                0x00000000080076a4       0x30 cmake/stm32cubemx/CMakeFiles/STM32_Drivers.dir/__/__/Drivers/STM32F1xx_HAL_Driver/Src/stm32f1xx_hal_uart.c.obj
 .text.UART_Receive_IT
                0x00000000080076d4      0x17c cmake/stm32cubemx/CMakeFiles/STM32_Drivers.dir/__/__/Drivers/STM32F1xx_HAL_Driver/Src/stm32f1xx_hal_uart.c.obj
 .text.UART_SetConfig
                0x0000000008007850      0x11c cmake/stm32cubemx/CMakeFiles/STM32_Drivers.dir/__/__/Drivers/STM32F1xx_HAL_Driver/Src/stm32f1xx_hal_uart.c.obj
 *(.glue_7)
 .glue_7        0x000000000800796c        0x0 linker stubs
 *(.glue_7t)
 .glue_7t       0x000000000800796c        0x0 linker stubs
 *(.eh_frame)
 .eh_frame      0x000000000800796c        0x0 /usr/lib/gcc/arm-none-eabi/10.3.1/thumb/v7-m/nofp/crtbegin.o
 *(.init)
 .init          0x000000000800796c        0x4 /usr/lib/gcc/arm-none-eabi/10.3.1/thumb/v7-m/nofp/crti.o
                0x000000000800796c                _init
 .init          0x0000000008007970        0x8 /usr/lib/gcc/arm-none-eabi/10.3.1/thumb/v7-m/nofp/crtn.o
 *(.fini)
 .fini          0x0000000008007978        0x4 /usr/lib/gcc/arm-none-eabi/10.3.1/thumb/v7-m/nofp/crti.o
                0x0000000008007978                _fini
 .fini          0x000000000800797c        0x8 /usr/lib/gcc/arm-none-eabi/10.3.1/thumb/v7-m/nofp/crtn.o
                0x0000000008007984                . = ALIGN (0x4)
                0x0000000008007984                _etext = .

.vfp11_veneer   0x0000000008007984        0x0
 .vfp11_veneer  0x0000000008007984        0x0 linker stubs

.v4_bx          0x0000000008007984        0x0
 .v4_bx         0x0000000008007984        0x0 linker stubs

.iplt           0x0000000008007984        0x0
 .iplt          0x0000000008007984        0x0 /usr/lib/gcc/arm-none-eabi/10.3.1/thumb/v7-m/nofp/crtbegin.o

.rodata         0x0000000008007984       0x2c
                0x0000000008007984                . = ALIGN (0x4)
 *(.rodata)
 *(.rodata*)
 .rodata.AHBPrescTable
                0x0000000008007984       0x10 cmake/stm32cubemx/CMakeFiles/STM32_Drivers.dir/__/__/Core/Src/system_stm32f1xx.c.obj
                0x0000000008007984                AHBPrescTable
 .rodata.APBPrescTable
                0x0000000008007994        0x8 cmake/stm32cubemx/CMakeFiles/STM32_Drivers.dir/__/__/Core/Src/system_stm32f1xx.c.obj
                0x0000000008007994                APBPrescTable
 .rodata.aPLLMULFactorTable.1
                0x000000000800799c       0x10 cmake/stm32cubemx/CMakeFiles/STM32_Drivers.dir/__/__/Drivers/STM32F1xx_HAL_Driver/Src/stm32f1xx_hal_rcc.c.obj
 .rodata.aPredivFactorTable.0
                0x00000000080079ac        0x2 cmake/stm32cubemx/CMakeFiles/STM32_Drivers.dir/__/__/Drivers/STM32F1xx_HAL_Driver/Src/stm32f1xx_hal_rcc.c.obj
                0x00000000080079b0                . = ALIGN (0x4)
 *fill*         0x00000000080079ae        0x2 

.ARM.extab      0x00000000080079b0        0x0
                0x00000000080079b0                . = ALIGN (0x4)
 *(.ARM.extab* .gnu.linkonce.armextab.*)
                0x00000000080079b0                . = ALIGN (0x4)

.ARM            0x00000000080079b0        0x8
                0x00000000080079b0                . = ALIGN (0x4)
                0x00000000080079b0                __exidx_start = .
 *(.ARM.exidx*)
 .ARM.exidx     0x00000000080079b0        0x8 /usr/lib/gcc/arm-none-eabi/10.3.1/thumb/v7-m/nofp/libgcc.a(_udivmoddi4.o)
                0x00000000080079b8                __exidx_end = .
                0x00000000080079b8                . = ALIGN (0x4)

.preinit_array  0x00000000080079b8        0x0
                0x00000000080079b8                . = ALIGN (0x4)
                0x00000000080079b8                PROVIDE (__preinit_array_start = .)
 *(.preinit_array*)
                0x00000000080079b8                PROVIDE (__preinit_array_end = .)
                0x00000000080079b8                . = ALIGN (0x4)

.init_array     0x00000000080079b8        0x8
                0x00000000080079b8                . = ALIGN (0x4)
                0x00000000080079b8                PROVIDE (__init_array_start = .)
 *(SORT_BY_NAME(.init_array.*))
 *(.init_array*)
 .init_array    0x00000000080079b8        0x4 /usr/lib/gcc/arm-none-eabi/10.3.1/thumb/v7-m/nofp/crtbegin.o
 .init_array    0x00000000080079bc        0x4 CMakeFiles/imu_config.dir/Core/Src/wrapper.cpp.obj
                0x00000000080079c0                PROVIDE (__init_array_end = .)
                0x00000000080079c0                . = ALIGN (0x4)

.fini_array     0x00000000080079c0        0x4
                0x00000000080079c0                . = ALIGN (0x4)
                0x00000000080079c0                PROVIDE (__fini_array_start = .)
 *(SORT_BY_NAME(.fini_array.*))
 *(.fini_array*)
 .fini_array    0x00000000080079c0        0x4 /usr/lib/gcc/arm-none-eabi/10.3.1/thumb/v7-m/nofp/crtbegin.o
                0x00000000080079c4                PROVIDE (__fini_array_end = .)
                0x00000000080079c4                . = ALIGN (0x4)
                0x00000000080079c4                _sidata = LOADADDR (.data)

.rel.dyn        0x00000000080079c4        0x0
 .rel.iplt      0x00000000080079c4        0x0 /usr/lib/gcc/arm-none-eabi/10.3.1/thumb/v7-m/nofp/crtbegin.o

.data           0x0000000020000000        0xc load address 0x00000000080079c4
                0x0000000020000000                . = ALIGN (0x4)
                0x0000000020000000                _sdata = .
 *(.data)
 *(.data*)
 .data.SystemCoreClock
                0x0000000020000000        0x4 cmake/stm32cubemx/CMakeFiles/STM32_Drivers.dir/__/__/Core/Src/system_stm32f1xx.c.obj
                0x0000000020000000                SystemCoreClock
 .data.uwTickPrio
                0x0000000020000004        0x4 cmake/stm32cubemx/CMakeFiles/STM32_Drivers.dir/__/__/Drivers/STM32F1xx_HAL_Driver/Src/stm32f1xx_hal.c.obj
                0x0000000020000004                uwTickPrio
 .data.uwTickFreq
                0x0000000020000008        0x1 cmake/stm32cubemx/CMakeFiles/STM32_Drivers.dir/__/__/Drivers/STM32F1xx_HAL_Driver/Src/stm32f1xx_hal.c.obj
                0x0000000020000008                uwTickFreq
 *(.RamFunc)
 *(.RamFunc*)
                0x000000002000000c                . = ALIGN (0x4)
 *fill*         0x0000000020000009        0x3 

.tm_clone_table
                0x000000002000000c        0x0 load address 0x00000000080079d0
 .tm_clone_table
                0x000000002000000c        0x0 /usr/lib/gcc/arm-none-eabi/10.3.1/thumb/v7-m/nofp/crtbegin.o
 .tm_clone_table
                0x000000002000000c        0x0 /usr/lib/gcc/arm-none-eabi/10.3.1/thumb/v7-m/nofp/crtend.o

.igot.plt       0x000000002000000c        0x0 load address 0x00000000080079d0
 .igot.plt      0x000000002000000c        0x0 /usr/lib/gcc/arm-none-eabi/10.3.1/thumb/v7-m/nofp/crtbegin.o

.tdata          0x000000002000000c        0x0 load address 0x00000000080079d0
 *(.tdata .tdata.* .gnu.linkonce.td.*)
                0x000000002000000c                . = ALIGN (0x4)
                0x000000002000000c                _edata = .
                [!provide]                        PROVIDE (__data_end = .)
                [!provide]                        PROVIDE (__tdata_end = .)
                [!provide]                        PROVIDE (__tdata_start = ADDR (.tdata))
                [!provide]                        PROVIDE (__tdata_size = (__tdata_end - __tdata_start))
                [!provide]                        PROVIDE (__data_start = ADDR (.data))
                [!provide]                        PROVIDE (__data_size = (__data_end - __data_start))
                [!provide]                        PROVIDE (__tdata_source = LOADADDR (.tdata))
                [!provide]                        PROVIDE (__tdata_source_end = (LOADADDR (.tdata) + SIZEOF (.tdata)))
                [!provide]                        PROVIDE (__tdata_source_size = (__tdata_source_end - __tdata_source))
                [!provide]                        PROVIDE (__data_source = LOADADDR (.data))
                [!provide]                        PROVIDE (__data_source_end = __tdata_source_end)
                [!provide]                        PROVIDE (__data_source_size = (__data_source_end - __data_source))

.tbss           0x000000002000000c        0x0 load address 0x00000000080079d0
                0x000000002000000c                _sbss = .
                0x000000002000000c                __bss_start__ = _sbss
 *(.tbss .tbss.*)
                0x000000002000000c                . = ALIGN (0x4)
                [!provide]                        PROVIDE (__tbss_end = .)
                [!provide]                        PROVIDE (__tbss_start = ADDR (.tbss))
                [!provide]                        PROVIDE (__tbss_size = (__tbss_end - __tbss_start))
                [!provide]                        PROVIDE (__tbss_offset = (ADDR (.tbss) - ADDR (.tdata)))
                [!provide]                        PROVIDE (__tls_base = __tdata_start)
                [!provide]                        PROVIDE (__tls_end = __tbss_end)
                [!provide]                        PROVIDE (__tls_size = (__tls_end - __tls_base))
                [!provide]                        PROVIDE (__tls_align = MAX (ALIGNOF (.tdata), ALIGNOF (.tbss)))
                [!provide]                        PROVIDE (__tls_size_align = (((__tls_size + __tls_align) - 0x1) & ~ ((__tls_align - 0x1))))
                [!provide]                        PROVIDE (__arm32_tls_tcb_offset = MAX (0x8, __tls_align))
                [!provide]                        PROVIDE (__arm64_tls_tcb_offset = MAX (0x10, __tls_align))

.bss            0x0000000020000010      0x374 load address 0x00000000080079d0
 *(.bss)
 .bss           0x0000000020000010       0x1c /usr/lib/gcc/arm-none-eabi/10.3.1/thumb/v7-m/nofp/crtbegin.o
 *(.bss*)
 .bss._ZL3mpu   0x000000002000002c        0x4 CMakeFiles/imu_config.dir/Core/Src/wrapper.cpp.obj
 .bss.SysTime   0x0000000020000030        0x8 CMakeFiles/imu_config.dir/Core/Src/bsp_dwt.c.obj
                0x0000000020000030                SysTime
 .bss.CPU_FREQ_Hz
                0x0000000020000038        0x4 CMakeFiles/imu_config.dir/Core/Src/bsp_dwt.c.obj
 .bss.CPU_FREQ_Hz_ms
                0x000000002000003c        0x4 CMakeFiles/imu_config.dir/Core/Src/bsp_dwt.c.obj
 .bss.CPU_FREQ_Hz_us
                0x0000000020000040        0x4 CMakeFiles/imu_config.dir/Core/Src/bsp_dwt.c.obj
 .bss.CYCCNT_RountCount
                0x0000000020000044        0x4 CMakeFiles/imu_config.dir/Core/Src/bsp_dwt.c.obj
 .bss.CYCCNT_LAST
                0x0000000020000048        0x4 CMakeFiles/imu_config.dir/Core/Src/bsp_dwt.c.obj
 *fill*         0x000000002000004c        0x4 
 .bss.CYCCNT64  0x0000000020000050        0x8 CMakeFiles/imu_config.dir/Core/Src/bsp_dwt.c.obj
                0x0000000020000050                CYCCNT64
 .bss.cnt_temp1.2
                0x0000000020000058        0x8 CMakeFiles/imu_config.dir/Core/Src/bsp_dwt.c.obj
 .bss.cnt_temp2.1
                0x0000000020000060        0x8 CMakeFiles/imu_config.dir/Core/Src/bsp_dwt.c.obj
 .bss.cnt_temp3.0
                0x0000000020000068        0x8 CMakeFiles/imu_config.dir/Core/Src/bsp_dwt.c.obj
 .bss._ZZN7MPU605011getinstanceEvE8instance
                0x0000000020000070       0x30 CMakeFiles/imu_config.dir/Device/imu/mpu6050.cpp.obj
 .bss.packet_buffer
                0x00000000200000a0       0x6c CMakeFiles/imu_config.dir/Core/Src/main.c.obj
                0x00000000200000a0                packet_buffer
 .bss.current_buffer
                0x000000002000010c        0x1 CMakeFiles/imu_config.dir/Core/Src/main.c.obj
                0x000000002000010c                current_buffer
 .bss.data_ready
                0x000000002000010d        0x1 CMakeFiles/imu_config.dir/Core/Src/main.c.obj
                0x000000002000010d                data_ready
 *fill*         0x000000002000010e        0x2 
 .bss.frame_counter
                0x0000000020000110        0x4 CMakeFiles/imu_config.dir/Core/Src/main.c.obj
                0x0000000020000110                frame_counter
 .bss.trigger_pending
                0x0000000020000114        0x1 CMakeFiles/imu_config.dir/Core/Src/main.c.obj
                0x0000000020000114                trigger_pending
 *fill*         0x0000000020000115        0x3 
 .bss.trigger_timestamp_us
                0x0000000020000118        0x8 CMakeFiles/imu_config.dir/Core/Src/main.c.obj
                0x0000000020000118                trigger_timestamp_us
 .bss.accel_data
                0x0000000020000120        0xc CMakeFiles/imu_config.dir/Core/Src/main.c.obj
                0x0000000020000120                accel_data
 .bss.gyro_data
                0x000000002000012c        0xc CMakeFiles/imu_config.dir/Core/Src/main.c.obj
                0x000000002000012c                gyro_data
 .bss.strb_timestamp_us
                0x0000000020000138        0x8 CMakeFiles/imu_config.dir/Core/Src/main.c.obj
                0x0000000020000138                strb_timestamp_us
 .bss.strb_triggered
                0x0000000020000140        0x1 CMakeFiles/imu_config.dir/Core/Src/main.c.obj
                0x0000000020000140                strb_triggered
 *fill*         0x0000000020000141        0x3 
 .bss.hi2c1     0x0000000020000144       0x54 CMakeFiles/imu_config.dir/Core/Src/i2c.c.obj
                0x0000000020000144                hi2c1
 .bss.hdma_i2c1_rx
                0x0000000020000198       0x44 CMakeFiles/imu_config.dir/Core/Src/i2c.c.obj
                0x0000000020000198                hdma_i2c1_rx
 .bss.hdma_i2c1_tx
                0x00000000200001dc       0x44 CMakeFiles/imu_config.dir/Core/Src/i2c.c.obj
                0x00000000200001dc                hdma_i2c1_tx
 .bss.htim2     0x0000000020000220       0x48 CMakeFiles/imu_config.dir/Core/Src/tim.c.obj
                0x0000000020000220                htim2
 .bss.htim1     0x0000000020000268       0x48 CMakeFiles/imu_config.dir/Core/Src/tim.c.obj
                0x0000000020000268                htim1
 .bss.huart1    0x00000000200002b0       0x48 CMakeFiles/imu_config.dir/Core/Src/usart.c.obj
                0x00000000200002b0                huart1
 .bss.hdma_usart1_rx
                0x00000000200002f8       0x44 CMakeFiles/imu_config.dir/Core/Src/usart.c.obj
                0x00000000200002f8                hdma_usart1_rx
 .bss.hdma_usart1_tx
                0x000000002000033c       0x44 CMakeFiles/imu_config.dir/Core/Src/usart.c.obj
                0x000000002000033c                hdma_usart1_tx
 .bss.uwTick    0x0000000020000380        0x4 cmake/stm32cubemx/CMakeFiles/STM32_Drivers.dir/__/__/Drivers/STM32F1xx_HAL_Driver/Src/stm32f1xx_hal.c.obj
                0x0000000020000380                uwTick
 *(COMMON)
                0x0000000020000384                . = ALIGN (0x4)
                0x0000000020000384                _ebss = .
                0x0000000020000384                __bss_end__ = _ebss
                [!provide]                        PROVIDE (__bss_end = .)
                [!provide]                        PROVIDE (__non_tls_bss_start = ADDR (.bss))
                [!provide]                        PROVIDE (__bss_start = __tbss_start)
                [!provide]                        PROVIDE (__bss_size = (__bss_end - __bss_start))

._user_heap_stack
                0x0000000020000384      0x604 load address 0x00000000080079d0
                0x0000000020000388                . = ALIGN (0x8)
 *fill*         0x0000000020000384        0x4 
                [!provide]                        PROVIDE (end = .)
                0x0000000020000388                PROVIDE (_end = .)
                0x0000000020000588                . = (. + _Min_Heap_Size)
 *fill*         0x0000000020000388      0x200 
                0x0000000020000988                . = (. + _Min_Stack_Size)
 *fill*         0x0000000020000588      0x400 
                0x0000000020000988                . = ALIGN (0x8)

/DISCARD/
 libc.a:*(*)
 libm.a:*(*)
 libgcc.a:*(*)
OUTPUT(imu_config.elf elf32-littlearm)
LOAD linker stubs

.ARM.attributes
                0x0000000000000000       0x29
 .ARM.attributes
                0x0000000000000000       0x1d /usr/lib/gcc/arm-none-eabi/10.3.1/thumb/v7-m/nofp/crti.o
 .ARM.attributes
                0x000000000000001d       0x2d /usr/lib/gcc/arm-none-eabi/10.3.1/thumb/v7-m/nofp/crtbegin.o
 .ARM.attributes
                0x000000000000004a       0x2d CMakeFiles/imu_config.dir/Core/Src/wrapper.cpp.obj
 .ARM.attributes
                0x0000000000000077       0x2d CMakeFiles/imu_config.dir/Core/Src/bsp_dwt.c.obj
 .ARM.attributes
                0x00000000000000a4       0x2d CMakeFiles/imu_config.dir/Device/imu/mpu6050.cpp.obj
 .ARM.attributes
                0x00000000000000d1       0x2d CMakeFiles/imu_config.dir/Core/Src/main.c.obj
 .ARM.attributes
                0x00000000000000fe       0x2d CMakeFiles/imu_config.dir/Core/Src/gpio.c.obj
 .ARM.attributes
                0x000000000000012b       0x2d CMakeFiles/imu_config.dir/Core/Src/dma.c.obj
 .ARM.attributes
                0x0000000000000158       0x2d CMakeFiles/imu_config.dir/Core/Src/i2c.c.obj
 .ARM.attributes
                0x0000000000000185       0x2d CMakeFiles/imu_config.dir/Core/Src/tim.c.obj
 .ARM.attributes
                0x00000000000001b2       0x2d CMakeFiles/imu_config.dir/Core/Src/usart.c.obj
 .ARM.attributes
                0x00000000000001df       0x2d CMakeFiles/imu_config.dir/Core/Src/stm32f1xx_it.c.obj
 .ARM.attributes
                0x000000000000020c       0x2d CMakeFiles/imu_config.dir/Core/Src/stm32f1xx_hal_msp.c.obj
 .ARM.attributes
                0x0000000000000239       0x21 CMakeFiles/imu_config.dir/startup_stm32f103xb.s.obj
 .ARM.attributes
                0x000000000000025a       0x2d cmake/stm32cubemx/CMakeFiles/STM32_Drivers.dir/__/__/Core/Src/system_stm32f1xx.c.obj
 .ARM.attributes
                0x0000000000000287       0x2d cmake/stm32cubemx/CMakeFiles/STM32_Drivers.dir/__/__/Drivers/STM32F1xx_HAL_Driver/Src/stm32f1xx_hal_i2c.c.obj
 .ARM.attributes
                0x00000000000002b4       0x2d cmake/stm32cubemx/CMakeFiles/STM32_Drivers.dir/__/__/Drivers/STM32F1xx_HAL_Driver/Src/stm32f1xx_hal.c.obj
 .ARM.attributes
                0x00000000000002e1       0x2d cmake/stm32cubemx/CMakeFiles/STM32_Drivers.dir/__/__/Drivers/STM32F1xx_HAL_Driver/Src/stm32f1xx_hal_rcc.c.obj
 .ARM.attributes
                0x000000000000030e       0x2d cmake/stm32cubemx/CMakeFiles/STM32_Drivers.dir/__/__/Drivers/STM32F1xx_HAL_Driver/Src/stm32f1xx_hal_gpio.c.obj
 .ARM.attributes
                0x000000000000033b       0x2d cmake/stm32cubemx/CMakeFiles/STM32_Drivers.dir/__/__/Drivers/STM32F1xx_HAL_Driver/Src/stm32f1xx_hal_dma.c.obj
 .ARM.attributes
                0x0000000000000368       0x2d cmake/stm32cubemx/CMakeFiles/STM32_Drivers.dir/__/__/Drivers/STM32F1xx_HAL_Driver/Src/stm32f1xx_hal_cortex.c.obj
 .ARM.attributes
                0x0000000000000395       0x2d cmake/stm32cubemx/CMakeFiles/STM32_Drivers.dir/__/__/Drivers/STM32F1xx_HAL_Driver/Src/stm32f1xx_hal_tim.c.obj
 .ARM.attributes
                0x00000000000003c2       0x2d cmake/stm32cubemx/CMakeFiles/STM32_Drivers.dir/__/__/Drivers/STM32F1xx_HAL_Driver/Src/stm32f1xx_hal_tim_ex.c.obj
 .ARM.attributes
                0x00000000000003ef       0x2d cmake/stm32cubemx/CMakeFiles/STM32_Drivers.dir/__/__/Drivers/STM32F1xx_HAL_Driver/Src/stm32f1xx_hal_uart.c.obj
 .ARM.attributes
                0x000000000000041c       0x1d /usr/lib/gcc/arm-none-eabi/10.3.1/thumb/v7-m/nofp/libgcc.a(_arm_addsubsf3.o)
 .ARM.attributes
                0x0000000000000439       0x1d /usr/lib/gcc/arm-none-eabi/10.3.1/thumb/v7-m/nofp/libgcc.a(_arm_muldivsf3.o)
 .ARM.attributes
                0x0000000000000456       0x1d /usr/lib/gcc/arm-none-eabi/10.3.1/thumb/v7-m/nofp/libgcc.a(_aeabi_uldivmod.o)
 .ARM.attributes
                0x0000000000000473       0x2d /usr/lib/gcc/arm-none-eabi/10.3.1/thumb/v7-m/nofp/libgcc.a(_udivmoddi4.o)
 .ARM.attributes
                0x00000000000004a0       0x1d /usr/lib/gcc/arm-none-eabi/10.3.1/thumb/v7-m/nofp/libgcc.a(_dvmd_tls.o)
 .ARM.attributes
                0x00000000000004bd       0x2d /usr/lib/gcc/arm-none-eabi/10.3.1/../../../arm-none-eabi/lib/thumb/v7-m/nofp/libg_nano.a(lib_a-init.o)
 .ARM.attributes
                0x00000000000004ea       0x1b /usr/lib/gcc/arm-none-eabi/10.3.1/../../../arm-none-eabi/lib/thumb/v7-m/nofp/libg_nano.a(lib_a-memcpy.o)
 .ARM.attributes
                0x0000000000000505       0x2d /usr/lib/gcc/arm-none-eabi/10.3.1/../../../arm-none-eabi/lib/thumb/v7-m/nofp/libg_nano.a(lib_a-memset.o)
 .ARM.attributes
                0x0000000000000532       0x2d /usr/lib/gcc/arm-none-eabi/10.3.1/thumb/v7-m/nofp/crtend.o
 .ARM.attributes
                0x000000000000055f       0x1d /usr/lib/gcc/arm-none-eabi/10.3.1/thumb/v7-m/nofp/crtn.o

.comment        0x0000000000000000       0x33
 .comment       0x0000000000000000       0x33 /usr/lib/gcc/arm-none-eabi/10.3.1/thumb/v7-m/nofp/crtbegin.o
                                         0x34 (size before relaxing)
 .comment       0x0000000000000033       0x34 CMakeFiles/imu_config.dir/Core/Src/wrapper.cpp.obj
 .comment       0x0000000000000033       0x34 CMakeFiles/imu_config.dir/Core/Src/bsp_dwt.c.obj
 .comment       0x0000000000000033       0x34 CMakeFiles/imu_config.dir/Device/imu/mpu6050.cpp.obj
 .comment       0x0000000000000033       0x34 CMakeFiles/imu_config.dir/Core/Src/main.c.obj
 .comment       0x0000000000000033       0x34 CMakeFiles/imu_config.dir/Core/Src/gpio.c.obj
 .comment       0x0000000000000033       0x34 CMakeFiles/imu_config.dir/Core/Src/dma.c.obj
 .comment       0x0000000000000033       0x34 CMakeFiles/imu_config.dir/Core/Src/i2c.c.obj
 .comment       0x0000000000000033       0x34 CMakeFiles/imu_config.dir/Core/Src/tim.c.obj
 .comment       0x0000000000000033       0x34 CMakeFiles/imu_config.dir/Core/Src/usart.c.obj
 .comment       0x0000000000000033       0x34 CMakeFiles/imu_config.dir/Core/Src/stm32f1xx_it.c.obj
 .comment       0x0000000000000033       0x34 CMakeFiles/imu_config.dir/Core/Src/stm32f1xx_hal_msp.c.obj
 .comment       0x0000000000000033       0x34 cmake/stm32cubemx/CMakeFiles/STM32_Drivers.dir/__/__/Core/Src/system_stm32f1xx.c.obj
 .comment       0x0000000000000033       0x34 cmake/stm32cubemx/CMakeFiles/STM32_Drivers.dir/__/__/Drivers/STM32F1xx_HAL_Driver/Src/stm32f1xx_hal_i2c.c.obj
 .comment       0x0000000000000033       0x34 cmake/stm32cubemx/CMakeFiles/STM32_Drivers.dir/__/__/Drivers/STM32F1xx_HAL_Driver/Src/stm32f1xx_hal.c.obj
 .comment       0x0000000000000033       0x34 cmake/stm32cubemx/CMakeFiles/STM32_Drivers.dir/__/__/Drivers/STM32F1xx_HAL_Driver/Src/stm32f1xx_hal_rcc.c.obj
 .comment       0x0000000000000033       0x34 cmake/stm32cubemx/CMakeFiles/STM32_Drivers.dir/__/__/Drivers/STM32F1xx_HAL_Driver/Src/stm32f1xx_hal_gpio.c.obj
 .comment       0x0000000000000033       0x34 cmake/stm32cubemx/CMakeFiles/STM32_Drivers.dir/__/__/Drivers/STM32F1xx_HAL_Driver/Src/stm32f1xx_hal_dma.c.obj
 .comment       0x0000000000000033       0x34 cmake/stm32cubemx/CMakeFiles/STM32_Drivers.dir/__/__/Drivers/STM32F1xx_HAL_Driver/Src/stm32f1xx_hal_cortex.c.obj
 .comment       0x0000000000000033       0x34 cmake/stm32cubemx/CMakeFiles/STM32_Drivers.dir/__/__/Drivers/STM32F1xx_HAL_Driver/Src/stm32f1xx_hal_tim.c.obj
 .comment       0x0000000000000033       0x34 cmake/stm32cubemx/CMakeFiles/STM32_Drivers.dir/__/__/Drivers/STM32F1xx_HAL_Driver/Src/stm32f1xx_hal_tim_ex.c.obj
 .comment       0x0000000000000033       0x34 cmake/stm32cubemx/CMakeFiles/STM32_Drivers.dir/__/__/Drivers/STM32F1xx_HAL_Driver/Src/stm32f1xx_hal_uart.c.obj
 .comment       0x0000000000000033       0x34 /usr/lib/gcc/arm-none-eabi/10.3.1/thumb/v7-m/nofp/libgcc.a(_udivmoddi4.o)
 .comment       0x0000000000000033       0x34 /usr/lib/gcc/arm-none-eabi/10.3.1/../../../arm-none-eabi/lib/thumb/v7-m/nofp/libg_nano.a(lib_a-init.o)
 .comment       0x0000000000000033       0x34 /usr/lib/gcc/arm-none-eabi/10.3.1/../../../arm-none-eabi/lib/thumb/v7-m/nofp/libg_nano.a(lib_a-memset.o)
 .comment       0x0000000000000033       0x34 /usr/lib/gcc/arm-none-eabi/10.3.1/thumb/v7-m/nofp/crtend.o

.debug_info     0x0000000000000000    0x11f90
 .debug_info    0x0000000000000000      0x47d CMakeFiles/imu_config.dir/Core/Src/wrapper.cpp.obj
 .debug_info    0x000000000000047d      0x4ea CMakeFiles/imu_config.dir/Core/Src/bsp_dwt.c.obj
 .debug_info    0x0000000000000967      0xb1b CMakeFiles/imu_config.dir/Device/imu/mpu6050.cpp.obj
 .debug_info    0x0000000000001482      0xdce CMakeFiles/imu_config.dir/Core/Src/main.c.obj
 .debug_info    0x0000000000002250      0x3ef CMakeFiles/imu_config.dir/Core/Src/gpio.c.obj
 .debug_info    0x000000000000263f      0x29e CMakeFiles/imu_config.dir/Core/Src/dma.c.obj
 .debug_info    0x00000000000028dd      0x942 CMakeFiles/imu_config.dir/Core/Src/i2c.c.obj
 .debug_info    0x000000000000321f      0xb7b CMakeFiles/imu_config.dir/Core/Src/tim.c.obj
 .debug_info    0x0000000000003d9a      0x8f2 CMakeFiles/imu_config.dir/Core/Src/usart.c.obj
 .debug_info    0x000000000000468c      0xcdc CMakeFiles/imu_config.dir/Core/Src/stm32f1xx_it.c.obj
 .debug_info    0x0000000000005368      0x204 CMakeFiles/imu_config.dir/Core/Src/stm32f1xx_hal_msp.c.obj
 .debug_info    0x000000000000556c       0x22 CMakeFiles/imu_config.dir/startup_stm32f103xb.s.obj
 .debug_info    0x000000000000558e      0x225 cmake/stm32cubemx/CMakeFiles/STM32_Drivers.dir/__/__/Core/Src/system_stm32f1xx.c.obj
 .debug_info    0x00000000000057b3     0x26df cmake/stm32cubemx/CMakeFiles/STM32_Drivers.dir/__/__/Drivers/STM32F1xx_HAL_Driver/Src/stm32f1xx_hal_i2c.c.obj
 .debug_info    0x0000000000007e92      0x6d5 cmake/stm32cubemx/CMakeFiles/STM32_Drivers.dir/__/__/Drivers/STM32F1xx_HAL_Driver/Src/stm32f1xx_hal.c.obj
 .debug_info    0x0000000000008567      0x7fa cmake/stm32cubemx/CMakeFiles/STM32_Drivers.dir/__/__/Drivers/STM32F1xx_HAL_Driver/Src/stm32f1xx_hal_rcc.c.obj
 .debug_info    0x0000000000008d61      0x5fd cmake/stm32cubemx/CMakeFiles/STM32_Drivers.dir/__/__/Drivers/STM32F1xx_HAL_Driver/Src/stm32f1xx_hal_gpio.c.obj
 .debug_info    0x000000000000935e      0x72b cmake/stm32cubemx/CMakeFiles/STM32_Drivers.dir/__/__/Drivers/STM32F1xx_HAL_Driver/Src/stm32f1xx_hal_dma.c.obj
 .debug_info    0x0000000000009a89      0xafc cmake/stm32cubemx/CMakeFiles/STM32_Drivers.dir/__/__/Drivers/STM32F1xx_HAL_Driver/Src/stm32f1xx_hal_cortex.c.obj
 .debug_info    0x000000000000a585     0x2b2e cmake/stm32cubemx/CMakeFiles/STM32_Drivers.dir/__/__/Drivers/STM32F1xx_HAL_Driver/Src/stm32f1xx_hal_tim.c.obj
 .debug_info    0x000000000000d0b3     0x147b cmake/stm32cubemx/CMakeFiles/STM32_Drivers.dir/__/__/Drivers/STM32F1xx_HAL_Driver/Src/stm32f1xx_hal_tim_ex.c.obj
 .debug_info    0x000000000000e52e     0x303c cmake/stm32cubemx/CMakeFiles/STM32_Drivers.dir/__/__/Drivers/STM32F1xx_HAL_Driver/Src/stm32f1xx_hal_uart.c.obj
 .debug_info    0x000000000001156a       0x26 /usr/lib/gcc/arm-none-eabi/10.3.1/thumb/v7-m/nofp/libgcc.a(_arm_addsubsf3.o)
 .debug_info    0x0000000000011590       0x26 /usr/lib/gcc/arm-none-eabi/10.3.1/thumb/v7-m/nofp/libgcc.a(_arm_muldivsf3.o)
 .debug_info    0x00000000000115b6       0x26 /usr/lib/gcc/arm-none-eabi/10.3.1/thumb/v7-m/nofp/libgcc.a(_aeabi_uldivmod.o)
 .debug_info    0x00000000000115dc      0x717 /usr/lib/gcc/arm-none-eabi/10.3.1/thumb/v7-m/nofp/libgcc.a(_udivmoddi4.o)
 .debug_info    0x0000000000011cf3       0x26 /usr/lib/gcc/arm-none-eabi/10.3.1/thumb/v7-m/nofp/libgcc.a(_dvmd_tls.o)
 .debug_info    0x0000000000011d19      0x11a /usr/lib/gcc/arm-none-eabi/10.3.1/../../../arm-none-eabi/lib/thumb/v7-m/nofp/libg_nano.a(lib_a-init.o)
 .debug_info    0x0000000000011e33       0x26 /usr/lib/gcc/arm-none-eabi/10.3.1/../../../arm-none-eabi/lib/thumb/v7-m/nofp/libg_nano.a(lib_a-memcpy.o)
 .debug_info    0x0000000000011e59      0x137 /usr/lib/gcc/arm-none-eabi/10.3.1/../../../arm-none-eabi/lib/thumb/v7-m/nofp/libg_nano.a(lib_a-memset.o)

.debug_abbrev   0x0000000000000000     0x2b99
 .debug_abbrev  0x0000000000000000      0x247 CMakeFiles/imu_config.dir/Core/Src/wrapper.cpp.obj
 .debug_abbrev  0x0000000000000247      0x1a6 CMakeFiles/imu_config.dir/Core/Src/bsp_dwt.c.obj
 .debug_abbrev  0x00000000000003ed      0x2ff CMakeFiles/imu_config.dir/Device/imu/mpu6050.cpp.obj
 .debug_abbrev  0x00000000000006ec      0x269 CMakeFiles/imu_config.dir/Core/Src/main.c.obj
 .debug_abbrev  0x0000000000000955      0x118 CMakeFiles/imu_config.dir/Core/Src/gpio.c.obj
 .debug_abbrev  0x0000000000000a6d       0xdc CMakeFiles/imu_config.dir/Core/Src/dma.c.obj
 .debug_abbrev  0x0000000000000b49      0x1ab CMakeFiles/imu_config.dir/Core/Src/i2c.c.obj
 .debug_abbrev  0x0000000000000cf4      0x1ce CMakeFiles/imu_config.dir/Core/Src/tim.c.obj
 .debug_abbrev  0x0000000000000ec2      0x1b2 CMakeFiles/imu_config.dir/Core/Src/usart.c.obj
 .debug_abbrev  0x0000000000001074      0x17d CMakeFiles/imu_config.dir/Core/Src/stm32f1xx_it.c.obj
 .debug_abbrev  0x00000000000011f1       0xd4 CMakeFiles/imu_config.dir/Core/Src/stm32f1xx_hal_msp.c.obj
 .debug_abbrev  0x00000000000012c5       0x12 CMakeFiles/imu_config.dir/startup_stm32f103xb.s.obj
 .debug_abbrev  0x00000000000012d7      0x13b cmake/stm32cubemx/CMakeFiles/STM32_Drivers.dir/__/__/Core/Src/system_stm32f1xx.c.obj
 .debug_abbrev  0x0000000000001412      0x25c cmake/stm32cubemx/CMakeFiles/STM32_Drivers.dir/__/__/Drivers/STM32F1xx_HAL_Driver/Src/stm32f1xx_hal_i2c.c.obj
 .debug_abbrev  0x000000000000166e      0x1c8 cmake/stm32cubemx/CMakeFiles/STM32_Drivers.dir/__/__/Drivers/STM32F1xx_HAL_Driver/Src/stm32f1xx_hal.c.obj
 .debug_abbrev  0x0000000000001836      0x260 cmake/stm32cubemx/CMakeFiles/STM32_Drivers.dir/__/__/Drivers/STM32F1xx_HAL_Driver/Src/stm32f1xx_hal_rcc.c.obj
 .debug_abbrev  0x0000000000001a96      0x1bb cmake/stm32cubemx/CMakeFiles/STM32_Drivers.dir/__/__/Drivers/STM32F1xx_HAL_Driver/Src/stm32f1xx_hal_gpio.c.obj
 .debug_abbrev  0x0000000000001c51      0x1e9 cmake/stm32cubemx/CMakeFiles/STM32_Drivers.dir/__/__/Drivers/STM32F1xx_HAL_Driver/Src/stm32f1xx_hal_dma.c.obj
 .debug_abbrev  0x0000000000001e3a      0x2ed cmake/stm32cubemx/CMakeFiles/STM32_Drivers.dir/__/__/Drivers/STM32F1xx_HAL_Driver/Src/stm32f1xx_hal_cortex.c.obj
 .debug_abbrev  0x0000000000002127      0x238 cmake/stm32cubemx/CMakeFiles/STM32_Drivers.dir/__/__/Drivers/STM32F1xx_HAL_Driver/Src/stm32f1xx_hal_tim.c.obj
 .debug_abbrev  0x000000000000235f      0x240 cmake/stm32cubemx/CMakeFiles/STM32_Drivers.dir/__/__/Drivers/STM32F1xx_HAL_Driver/Src/stm32f1xx_hal_tim_ex.c.obj
 .debug_abbrev  0x000000000000259f      0x2b3 cmake/stm32cubemx/CMakeFiles/STM32_Drivers.dir/__/__/Drivers/STM32F1xx_HAL_Driver/Src/stm32f1xx_hal_uart.c.obj
 .debug_abbrev  0x0000000000002852       0x14 /usr/lib/gcc/arm-none-eabi/10.3.1/thumb/v7-m/nofp/libgcc.a(_arm_addsubsf3.o)
 .debug_abbrev  0x0000000000002866       0x14 /usr/lib/gcc/arm-none-eabi/10.3.1/thumb/v7-m/nofp/libgcc.a(_arm_muldivsf3.o)
 .debug_abbrev  0x000000000000287a       0x14 /usr/lib/gcc/arm-none-eabi/10.3.1/thumb/v7-m/nofp/libgcc.a(_aeabi_uldivmod.o)
 .debug_abbrev  0x000000000000288e      0x163 /usr/lib/gcc/arm-none-eabi/10.3.1/thumb/v7-m/nofp/libgcc.a(_udivmoddi4.o)
 .debug_abbrev  0x00000000000029f1       0x14 /usr/lib/gcc/arm-none-eabi/10.3.1/thumb/v7-m/nofp/libgcc.a(_dvmd_tls.o)
 .debug_abbrev  0x0000000000002a05       0xcc /usr/lib/gcc/arm-none-eabi/10.3.1/../../../arm-none-eabi/lib/thumb/v7-m/nofp/libg_nano.a(lib_a-init.o)
 .debug_abbrev  0x0000000000002ad1       0x14 /usr/lib/gcc/arm-none-eabi/10.3.1/../../../arm-none-eabi/lib/thumb/v7-m/nofp/libg_nano.a(lib_a-memcpy.o)
 .debug_abbrev  0x0000000000002ae5       0xb4 /usr/lib/gcc/arm-none-eabi/10.3.1/../../../arm-none-eabi/lib/thumb/v7-m/nofp/libg_nano.a(lib_a-memset.o)

.debug_aranges  0x0000000000000000     0x1188
 .debug_aranges
                0x0000000000000000       0x40 CMakeFiles/imu_config.dir/Core/Src/wrapper.cpp.obj
 .debug_aranges
                0x0000000000000040       0x60 CMakeFiles/imu_config.dir/Core/Src/bsp_dwt.c.obj
 .debug_aranges
                0x00000000000000a0       0x60 CMakeFiles/imu_config.dir/Device/imu/mpu6050.cpp.obj
 .debug_aranges
                0x0000000000000100       0x50 CMakeFiles/imu_config.dir/Core/Src/main.c.obj
 .debug_aranges
                0x0000000000000150       0x20 CMakeFiles/imu_config.dir/Core/Src/gpio.c.obj
 .debug_aranges
                0x0000000000000170       0x20 CMakeFiles/imu_config.dir/Core/Src/dma.c.obj
 .debug_aranges
                0x0000000000000190       0x30 CMakeFiles/imu_config.dir/Core/Src/i2c.c.obj
 .debug_aranges
                0x00000000000001c0       0x48 CMakeFiles/imu_config.dir/Core/Src/tim.c.obj
 .debug_aranges
                0x0000000000000208       0x30 CMakeFiles/imu_config.dir/Core/Src/usart.c.obj
 .debug_aranges
                0x0000000000000238       0xb0 CMakeFiles/imu_config.dir/Core/Src/stm32f1xx_it.c.obj
 .debug_aranges
                0x00000000000002e8       0x20 CMakeFiles/imu_config.dir/Core/Src/stm32f1xx_hal_msp.c.obj
 .debug_aranges
                0x0000000000000308       0x28 CMakeFiles/imu_config.dir/startup_stm32f103xb.s.obj
 .debug_aranges
                0x0000000000000330       0x28 cmake/stm32cubemx/CMakeFiles/STM32_Drivers.dir/__/__/Core/Src/system_stm32f1xx.c.obj
 .debug_aranges
                0x0000000000000358      0x2a8 cmake/stm32cubemx/CMakeFiles/STM32_Drivers.dir/__/__/Drivers/STM32F1xx_HAL_Driver/Src/stm32f1xx_hal_i2c.c.obj
 .debug_aranges
                0x0000000000000600       0xe0 cmake/stm32cubemx/CMakeFiles/STM32_Drivers.dir/__/__/Drivers/STM32F1xx_HAL_Driver/Src/stm32f1xx_hal.c.obj
 .debug_aranges
                0x00000000000006e0       0x90 cmake/stm32cubemx/CMakeFiles/STM32_Drivers.dir/__/__/Drivers/STM32F1xx_HAL_Driver/Src/stm32f1xx_hal_rcc.c.obj
 .debug_aranges
                0x0000000000000770       0x58 cmake/stm32cubemx/CMakeFiles/STM32_Drivers.dir/__/__/Drivers/STM32F1xx_HAL_Driver/Src/stm32f1xx_hal_gpio.c.obj
 .debug_aranges
                0x00000000000007c8       0x80 cmake/stm32cubemx/CMakeFiles/STM32_Drivers.dir/__/__/Drivers/STM32F1xx_HAL_Driver/Src/stm32f1xx_hal_dma.c.obj
 .debug_aranges
                0x0000000000000848      0x100 cmake/stm32cubemx/CMakeFiles/STM32_Drivers.dir/__/__/Drivers/STM32F1xx_HAL_Driver/Src/stm32f1xx_hal_cortex.c.obj
 .debug_aranges
                0x0000000000000948      0x3d0 cmake/stm32cubemx/CMakeFiles/STM32_Drivers.dir/__/__/Drivers/STM32F1xx_HAL_Driver/Src/stm32f1xx_hal_tim.c.obj
 .debug_aranges
                0x0000000000000d18      0x168 cmake/stm32cubemx/CMakeFiles/STM32_Drivers.dir/__/__/Drivers/STM32F1xx_HAL_Driver/Src/stm32f1xx_hal_tim_ex.c.obj
 .debug_aranges
                0x0000000000000e80      0x208 cmake/stm32cubemx/CMakeFiles/STM32_Drivers.dir/__/__/Drivers/STM32F1xx_HAL_Driver/Src/stm32f1xx_hal_uart.c.obj
 .debug_aranges
                0x0000000000001088       0x20 /usr/lib/gcc/arm-none-eabi/10.3.1/thumb/v7-m/nofp/libgcc.a(_arm_addsubsf3.o)
 .debug_aranges
                0x00000000000010a8       0x20 /usr/lib/gcc/arm-none-eabi/10.3.1/thumb/v7-m/nofp/libgcc.a(_arm_muldivsf3.o)
 .debug_aranges
                0x00000000000010c8       0x20 /usr/lib/gcc/arm-none-eabi/10.3.1/thumb/v7-m/nofp/libgcc.a(_aeabi_uldivmod.o)
 .debug_aranges
                0x00000000000010e8       0x20 /usr/lib/gcc/arm-none-eabi/10.3.1/thumb/v7-m/nofp/libgcc.a(_udivmoddi4.o)
 .debug_aranges
                0x0000000000001108       0x20 /usr/lib/gcc/arm-none-eabi/10.3.1/thumb/v7-m/nofp/libgcc.a(_dvmd_tls.o)
 .debug_aranges
                0x0000000000001128       0x20 /usr/lib/gcc/arm-none-eabi/10.3.1/../../../arm-none-eabi/lib/thumb/v7-m/nofp/libg_nano.a(lib_a-init.o)
 .debug_aranges
                0x0000000000001148       0x20 /usr/lib/gcc/arm-none-eabi/10.3.1/../../../arm-none-eabi/lib/thumb/v7-m/nofp/libg_nano.a(lib_a-memcpy.o)
 .debug_aranges
                0x0000000000001168       0x20 /usr/lib/gcc/arm-none-eabi/10.3.1/../../../arm-none-eabi/lib/thumb/v7-m/nofp/libg_nano.a(lib_a-memset.o)

.debug_ranges   0x0000000000000000     0x1078
 .debug_ranges  0x0000000000000000       0x30 CMakeFiles/imu_config.dir/Core/Src/wrapper.cpp.obj
 .debug_ranges  0x0000000000000030       0x50 CMakeFiles/imu_config.dir/Core/Src/bsp_dwt.c.obj
 .debug_ranges  0x0000000000000080       0x50 CMakeFiles/imu_config.dir/Device/imu/mpu6050.cpp.obj
 .debug_ranges  0x00000000000000d0       0x40 CMakeFiles/imu_config.dir/Core/Src/main.c.obj
 .debug_ranges  0x0000000000000110       0x10 CMakeFiles/imu_config.dir/Core/Src/gpio.c.obj
 .debug_ranges  0x0000000000000120       0x10 CMakeFiles/imu_config.dir/Core/Src/dma.c.obj
 .debug_ranges  0x0000000000000130       0x20 CMakeFiles/imu_config.dir/Core/Src/i2c.c.obj
 .debug_ranges  0x0000000000000150       0x38 CMakeFiles/imu_config.dir/Core/Src/tim.c.obj
 .debug_ranges  0x0000000000000188       0x20 CMakeFiles/imu_config.dir/Core/Src/usart.c.obj
 .debug_ranges  0x00000000000001a8       0xa0 CMakeFiles/imu_config.dir/Core/Src/stm32f1xx_it.c.obj
 .debug_ranges  0x0000000000000248       0x10 CMakeFiles/imu_config.dir/Core/Src/stm32f1xx_hal_msp.c.obj
 .debug_ranges  0x0000000000000258       0x20 CMakeFiles/imu_config.dir/startup_stm32f103xb.s.obj
 .debug_ranges  0x0000000000000278       0x18 cmake/stm32cubemx/CMakeFiles/STM32_Drivers.dir/__/__/Core/Src/system_stm32f1xx.c.obj
 .debug_ranges  0x0000000000000290      0x2b0 cmake/stm32cubemx/CMakeFiles/STM32_Drivers.dir/__/__/Drivers/STM32F1xx_HAL_Driver/Src/stm32f1xx_hal_i2c.c.obj
 .debug_ranges  0x0000000000000540       0xd0 cmake/stm32cubemx/CMakeFiles/STM32_Drivers.dir/__/__/Drivers/STM32F1xx_HAL_Driver/Src/stm32f1xx_hal.c.obj
 .debug_ranges  0x0000000000000610       0x80 cmake/stm32cubemx/CMakeFiles/STM32_Drivers.dir/__/__/Drivers/STM32F1xx_HAL_Driver/Src/stm32f1xx_hal_rcc.c.obj
 .debug_ranges  0x0000000000000690       0x48 cmake/stm32cubemx/CMakeFiles/STM32_Drivers.dir/__/__/Drivers/STM32F1xx_HAL_Driver/Src/stm32f1xx_hal_gpio.c.obj
 .debug_ranges  0x00000000000006d8       0x70 cmake/stm32cubemx/CMakeFiles/STM32_Drivers.dir/__/__/Drivers/STM32F1xx_HAL_Driver/Src/stm32f1xx_hal_dma.c.obj
 .debug_ranges  0x0000000000000748       0xf0 cmake/stm32cubemx/CMakeFiles/STM32_Drivers.dir/__/__/Drivers/STM32F1xx_HAL_Driver/Src/stm32f1xx_hal_cortex.c.obj
 .debug_ranges  0x0000000000000838      0x3c0 cmake/stm32cubemx/CMakeFiles/STM32_Drivers.dir/__/__/Drivers/STM32F1xx_HAL_Driver/Src/stm32f1xx_hal_tim.c.obj
 .debug_ranges  0x0000000000000bf8      0x158 cmake/stm32cubemx/CMakeFiles/STM32_Drivers.dir/__/__/Drivers/STM32F1xx_HAL_Driver/Src/stm32f1xx_hal_tim_ex.c.obj
 .debug_ranges  0x0000000000000d50      0x228 cmake/stm32cubemx/CMakeFiles/STM32_Drivers.dir/__/__/Drivers/STM32F1xx_HAL_Driver/Src/stm32f1xx_hal_uart.c.obj
 .debug_ranges  0x0000000000000f78      0x100 /usr/lib/gcc/arm-none-eabi/10.3.1/thumb/v7-m/nofp/libgcc.a(_udivmoddi4.o)

.debug_macro    0x0000000000000000    0x1a0da
 .debug_macro   0x0000000000000000      0x278 CMakeFiles/imu_config.dir/Core/Src/wrapper.cpp.obj
 .debug_macro   0x0000000000000278      0xb3e CMakeFiles/imu_config.dir/Core/Src/wrapper.cpp.obj
 .debug_macro   0x0000000000000db6       0x22 CMakeFiles/imu_config.dir/Core/Src/wrapper.cpp.obj
 .debug_macro   0x0000000000000dd8       0x52 CMakeFiles/imu_config.dir/Core/Src/wrapper.cpp.obj
 .debug_macro   0x0000000000000e2a       0x18 CMakeFiles/imu_config.dir/Core/Src/wrapper.cpp.obj
 .debug_macro   0x0000000000000e42       0x94 CMakeFiles/imu_config.dir/Core/Src/wrapper.cpp.obj
 .debug_macro   0x0000000000000ed6       0x35 CMakeFiles/imu_config.dir/Core/Src/wrapper.cpp.obj
 .debug_macro   0x0000000000000f0b       0x34 CMakeFiles/imu_config.dir/Core/Src/wrapper.cpp.obj
 .debug_macro   0x0000000000000f3f      0x17b CMakeFiles/imu_config.dir/Core/Src/wrapper.cpp.obj
 .debug_macro   0x00000000000010ba       0x16 CMakeFiles/imu_config.dir/Core/Src/wrapper.cpp.obj
 .debug_macro   0x00000000000010d0       0x43 CMakeFiles/imu_config.dir/Core/Src/wrapper.cpp.obj
 .debug_macro   0x0000000000001113       0x57 CMakeFiles/imu_config.dir/Core/Src/wrapper.cpp.obj
 .debug_macro   0x000000000000116a       0x34 CMakeFiles/imu_config.dir/Core/Src/wrapper.cpp.obj
 .debug_macro   0x000000000000119e       0x10 CMakeFiles/imu_config.dir/Core/Src/wrapper.cpp.obj
 .debug_macro   0x00000000000011ae       0x52 CMakeFiles/imu_config.dir/Core/Src/wrapper.cpp.obj
 .debug_macro   0x0000000000001200      0x182 CMakeFiles/imu_config.dir/Core/Src/wrapper.cpp.obj
 .debug_macro   0x0000000000001382      0x356 CMakeFiles/imu_config.dir/Core/Src/wrapper.cpp.obj
 .debug_macro   0x00000000000016d8       0x10 CMakeFiles/imu_config.dir/Core/Src/wrapper.cpp.obj
 .debug_macro   0x00000000000016e8       0x35 CMakeFiles/imu_config.dir/Core/Src/wrapper.cpp.obj
 .debug_macro   0x000000000000171d      0x227 CMakeFiles/imu_config.dir/Core/Src/wrapper.cpp.obj
 .debug_macro   0x0000000000001944       0x2e CMakeFiles/imu_config.dir/Core/Src/wrapper.cpp.obj
 .debug_macro   0x0000000000001972       0x22 CMakeFiles/imu_config.dir/Core/Src/wrapper.cpp.obj
 .debug_macro   0x0000000000001994      0x34e CMakeFiles/imu_config.dir/Core/Src/wrapper.cpp.obj
 .debug_macro   0x0000000000001ce2       0x1c CMakeFiles/imu_config.dir/Core/Src/wrapper.cpp.obj
 .debug_macro   0x0000000000001cfe       0x22 CMakeFiles/imu_config.dir/Core/Src/wrapper.cpp.obj
 .debug_macro   0x0000000000001d20       0xbd CMakeFiles/imu_config.dir/Core/Src/wrapper.cpp.obj
 .debug_macro   0x0000000000001ddd      0xd23 CMakeFiles/imu_config.dir/Core/Src/wrapper.cpp.obj
 .debug_macro   0x0000000000002b00     0xe09e CMakeFiles/imu_config.dir/Core/Src/wrapper.cpp.obj
 .debug_macro   0x0000000000010b9e       0x6d CMakeFiles/imu_config.dir/Core/Src/wrapper.cpp.obj
 .debug_macro   0x0000000000010c0b     0x34a2 CMakeFiles/imu_config.dir/Core/Src/wrapper.cpp.obj
 .debug_macro   0x00000000000140ad       0x56 CMakeFiles/imu_config.dir/Core/Src/wrapper.cpp.obj
 .debug_macro   0x0000000000014103      0x5bc CMakeFiles/imu_config.dir/Core/Src/wrapper.cpp.obj
 .debug_macro   0x00000000000146bf      0x289 CMakeFiles/imu_config.dir/Core/Src/wrapper.cpp.obj
 .debug_macro   0x0000000000014948      0x1cb CMakeFiles/imu_config.dir/Core/Src/wrapper.cpp.obj
 .debug_macro   0x0000000000014b13      0x114 CMakeFiles/imu_config.dir/Core/Src/wrapper.cpp.obj
 .debug_macro   0x0000000000014c27      0x1b2 CMakeFiles/imu_config.dir/Core/Src/wrapper.cpp.obj
 .debug_macro   0x0000000000014dd9       0x27 CMakeFiles/imu_config.dir/Core/Src/wrapper.cpp.obj
 .debug_macro   0x0000000000014e00      0x136 CMakeFiles/imu_config.dir/Core/Src/wrapper.cpp.obj
 .debug_macro   0x0000000000014f36      0x1bc CMakeFiles/imu_config.dir/Core/Src/wrapper.cpp.obj
 .debug_macro   0x00000000000150f2       0x34 CMakeFiles/imu_config.dir/Core/Src/wrapper.cpp.obj
 .debug_macro   0x0000000000015126       0x3c CMakeFiles/imu_config.dir/Core/Src/wrapper.cpp.obj
 .debug_macro   0x0000000000015162       0x57 CMakeFiles/imu_config.dir/Core/Src/wrapper.cpp.obj
 .debug_macro   0x00000000000151b9       0x87 CMakeFiles/imu_config.dir/Core/Src/wrapper.cpp.obj
 .debug_macro   0x0000000000015240      0x240 CMakeFiles/imu_config.dir/Core/Src/wrapper.cpp.obj
 .debug_macro   0x0000000000015480      0x287 CMakeFiles/imu_config.dir/Core/Src/wrapper.cpp.obj
 .debug_macro   0x0000000000015707      0x140 CMakeFiles/imu_config.dir/Core/Src/wrapper.cpp.obj
 .debug_macro   0x0000000000015847      0x8ed CMakeFiles/imu_config.dir/Core/Src/wrapper.cpp.obj
 .debug_macro   0x0000000000016134      0x28e CMakeFiles/imu_config.dir/Core/Src/wrapper.cpp.obj
 .debug_macro   0x00000000000163c2       0x83 CMakeFiles/imu_config.dir/Core/Src/wrapper.cpp.obj
 .debug_macro   0x0000000000016445       0x88 CMakeFiles/imu_config.dir/Core/Src/wrapper.cpp.obj
 .debug_macro   0x00000000000164cd      0x178 CMakeFiles/imu_config.dir/Core/Src/bsp_dwt.c.obj
 .debug_macro   0x0000000000016645      0xa6c CMakeFiles/imu_config.dir/Core/Src/bsp_dwt.c.obj
 .debug_macro   0x00000000000170b1      0xd23 CMakeFiles/imu_config.dir/Core/Src/bsp_dwt.c.obj
 .debug_macro   0x0000000000017dd4      0x174 CMakeFiles/imu_config.dir/Core/Src/bsp_dwt.c.obj
 .debug_macro   0x0000000000017f48       0x5c CMakeFiles/imu_config.dir/Core/Src/bsp_dwt.c.obj
 .debug_macro   0x0000000000017fa4      0x18f CMakeFiles/imu_config.dir/Device/imu/mpu6050.cpp.obj
 .debug_macro   0x0000000000018133      0x2b1 CMakeFiles/imu_config.dir/Core/Src/main.c.obj
 .debug_macro   0x00000000000183e4       0x34 CMakeFiles/imu_config.dir/Core/Src/main.c.obj
 .debug_macro   0x0000000000018418       0x43 CMakeFiles/imu_config.dir/Core/Src/main.c.obj
 .debug_macro   0x000000000001845b      0x333 CMakeFiles/imu_config.dir/Core/Src/main.c.obj
 .debug_macro   0x000000000001878e       0x35 CMakeFiles/imu_config.dir/Core/Src/main.c.obj
 .debug_macro   0x00000000000187c3      0x178 CMakeFiles/imu_config.dir/Core/Src/gpio.c.obj
 .debug_macro   0x000000000001893b      0x178 CMakeFiles/imu_config.dir/Core/Src/dma.c.obj
 .debug_macro   0x0000000000018ab3      0x178 CMakeFiles/imu_config.dir/Core/Src/i2c.c.obj
 .debug_macro   0x0000000000018c2b      0x178 CMakeFiles/imu_config.dir/Core/Src/tim.c.obj
 .debug_macro   0x0000000000018da3      0x178 CMakeFiles/imu_config.dir/Core/Src/usart.c.obj
 .debug_macro   0x0000000000018f1b      0x178 CMakeFiles/imu_config.dir/Core/Src/stm32f1xx_it.c.obj
 .debug_macro   0x0000000000019093      0x16e CMakeFiles/imu_config.dir/Core/Src/stm32f1xx_hal_msp.c.obj
 .debug_macro   0x0000000000019201      0x164 cmake/stm32cubemx/CMakeFiles/STM32_Drivers.dir/__/__/Core/Src/system_stm32f1xx.c.obj
 .debug_macro   0x0000000000019365      0x1b2 cmake/stm32cubemx/CMakeFiles/STM32_Drivers.dir/__/__/Drivers/STM32F1xx_HAL_Driver/Src/stm32f1xx_hal_i2c.c.obj
 .debug_macro   0x0000000000019517      0x188 cmake/stm32cubemx/CMakeFiles/STM32_Drivers.dir/__/__/Drivers/STM32F1xx_HAL_Driver/Src/stm32f1xx_hal.c.obj
 .debug_macro   0x000000000001969f      0x176 cmake/stm32cubemx/CMakeFiles/STM32_Drivers.dir/__/__/Drivers/STM32F1xx_HAL_Driver/Src/stm32f1xx_hal_rcc.c.obj
 .debug_macro   0x0000000000019815      0x1cf cmake/stm32cubemx/CMakeFiles/STM32_Drivers.dir/__/__/Drivers/STM32F1xx_HAL_Driver/Src/stm32f1xx_hal_gpio.c.obj
 .debug_macro   0x00000000000199e4      0x164 cmake/stm32cubemx/CMakeFiles/STM32_Drivers.dir/__/__/Drivers/STM32F1xx_HAL_Driver/Src/stm32f1xx_hal_dma.c.obj
 .debug_macro   0x0000000000019b48      0x164 cmake/stm32cubemx/CMakeFiles/STM32_Drivers.dir/__/__/Drivers/STM32F1xx_HAL_Driver/Src/stm32f1xx_hal_cortex.c.obj
 .debug_macro   0x0000000000019cac      0x165 cmake/stm32cubemx/CMakeFiles/STM32_Drivers.dir/__/__/Drivers/STM32F1xx_HAL_Driver/Src/stm32f1xx_hal_tim.c.obj
 .debug_macro   0x0000000000019e11      0x164 cmake/stm32cubemx/CMakeFiles/STM32_Drivers.dir/__/__/Drivers/STM32F1xx_HAL_Driver/Src/stm32f1xx_hal_tim_ex.c.obj
 .debug_macro   0x0000000000019f75      0x165 cmake/stm32cubemx/CMakeFiles/STM32_Drivers.dir/__/__/Drivers/STM32F1xx_HAL_Driver/Src/stm32f1xx_hal_uart.c.obj

.debug_line     0x0000000000000000    0x12a08
 .debug_line    0x0000000000000000      0x688 CMakeFiles/imu_config.dir/Core/Src/wrapper.cpp.obj
 .debug_line    0x0000000000000688      0x6a6 CMakeFiles/imu_config.dir/Core/Src/bsp_dwt.c.obj
 .debug_line    0x0000000000000d2e      0x6db CMakeFiles/imu_config.dir/Device/imu/mpu6050.cpp.obj
 .debug_line    0x0000000000001409      0x7db CMakeFiles/imu_config.dir/Core/Src/main.c.obj
 .debug_line    0x0000000000001be4      0x4c1 CMakeFiles/imu_config.dir/Core/Src/gpio.c.obj
 .debug_line    0x00000000000020a5      0x4a6 CMakeFiles/imu_config.dir/Core/Src/dma.c.obj
 .debug_line    0x000000000000254b      0x556 CMakeFiles/imu_config.dir/Core/Src/i2c.c.obj
 .debug_line    0x0000000000002aa1      0x5e4 CMakeFiles/imu_config.dir/Core/Src/tim.c.obj
 .debug_line    0x0000000000003085      0x55d CMakeFiles/imu_config.dir/Core/Src/usart.c.obj
 .debug_line    0x00000000000035e2      0x657 CMakeFiles/imu_config.dir/Core/Src/stm32f1xx_it.c.obj
 .debug_line    0x0000000000003c39      0x4a5 CMakeFiles/imu_config.dir/Core/Src/stm32f1xx_hal_msp.c.obj
 .debug_line    0x00000000000040de       0x92 CMakeFiles/imu_config.dir/startup_stm32f103xb.s.obj